******************************************************************************
                  TI ARM Linker PC v18.12.2                    
******************************************************************************
>> Linked Sat Oct 12 12:13:23 2019

OUTPUT FILE NAME:   <spi_demo.out>
ENTRY POINT SYMBOL: "_c_int00_noargs"  address: 20008959


MEMORY CONFIGURATION

         name            origin    length      used     unused   attr    fill
----------------------  --------  ---------  --------  --------  ----  --------
  SRAM_CODE             20004000   00013000  00005456  0000dbaa  RW X
  SRAM_DATA             20017000   00019000  000010fa  00017f06  RW X


SEGMENT ALLOCATION MAP

run origin  load origin   length   init length attrs members
----------  ----------- ---------- ----------- ----- -------
20004000    20004000    00005458   00005458    r-x
  20004000    20004000    00000400   00000400    r-- .intvecs
  20004400    20004400    00004852   00004852    r-x .text
  20008c54    20008c54    000007bc   000007bc    r-- .const
  20009410    20009410    00000048   00000048    r-- .cinit
20017000    20017000    000008fc   00000000    rw-
  20017000    20017000    00000800   00000000    rw- .sysmem
  20017800    20017800    000000ce   00000000    rw- .bss
  200178d0    200178d0    0000002c   00000000    rw- .data
2002f800    2002f800    00000800   00000000    rw-
  2002f800    2002f800    00000800   00000000    rw- .stack


SECTION ALLOCATION MAP

 output                                  attributes/
section   page    origin      length       input sections
--------  ----  ----------  ----------   ----------------
.intvecs   0    20004000    00000400     
                  20004000    00000400     startup_ccs.obj (.intvecs)

.init_array 
*          0    20004000    00000000     UNINITIALIZED

.text      0    20004400    00004852     
                  20004400    00000a80     Adafruit_GFX.obj (.text)
                  20004e80    00000a4e     rtsv7M4_T_le_eabi.lib : _printfi.c.obj (.text:__TI_printfi)
                  200058ce    00000712     test.obj (.text)
                  20005fe0    0000044a     Adafruit_OLED.obj (.text)
                  2000642a    00000002     rtsv7M4_T_le_eabi.lib : _lock.c.obj (.text:_nop)
                  2000642c    00000280     uart_if.obj (.text)
                  200066ac    00000268     rtsv7M4_T_le_eabi.lib : _printfi.c.obj (.text:_pconv_a)
                  20006914    00000238     main.obj (.text)
                  20006b4c    000001cc     rtsv7M4_T_le_eabi.lib : _printfi.c.obj (.text:_pconv_g)
                  20006d18    000001b6                           : fd_add_t2.asm.obj (.text)
                  20006ece    00000002                           : div0.asm.obj (.text)
                  20006ed0    00000178     driverlib.a : prcm.obj (.text:PRCMCC3200MCUInit)
                  20007048    00000164     pin_mux_config.obj (.text)
                  200071ac    0000013c     rtsv7M4_T_le_eabi.lib : _printfi.c.obj (.text:_pconv_e)
                  200072e8    00000136                           : fd_div_t2.asm.obj (.text)
                  2000741e    00000002     --HOLE-- [fill = 0]
                  20007420    00000120                           : _printfi.c.obj (.text:fcvt)
                  20007540    000000fc                           : fd_mul_t2.asm.obj (.text)
                  2000763c    000000f4                           : memory.c.obj (.text:aligned_alloc)
                  20007730    000000e8                           : memory.c.obj (.text:free)
                  20007818    000000d8                           : memory.c.obj (.text:realloc)
                  200078f0    000000d0     driverlib.a : spi.obj (.text:SPITransfer32)
                  200079c0    000000d0     rtsv7M4_T_le_eabi.lib : s_scalbn.c.obj (.text:scalbn)
                  20007a90    000000ce     driverlib.a : spi.obj (.text:SPITransfer16)
                  20007b5e    000000b8                 : spi.obj (.text:SPITransfer8)
                  20007c16    00000002     --HOLE-- [fill = 0]
                  20007c18    000000b1     rtsv7M4_T_le_eabi.lib : _printfi.c.obj (.text:_ltostr)
                  20007cc9    00000003     --HOLE-- [fill = 0]
                  20007ccc    000000a8     driverlib.a : interrupt.obj (.text:IntEnable)
                  20007d74    000000a0                 : spi.obj (.text:SPIConfigSetExpClk)
                  20007e14    0000009c     rtsv7M4_T_le_eabi.lib : memcpy_t2.asm.obj (.text)
                  20007eb0    00000096                           : ull_div_t2.asm.obj (.text)
                  20007f46    00000002     --HOLE-- [fill = 0]
                  20007f48    00000094     driverlib.a : prcm.obj (.text:PRCMPeripheralClockGet)
                  20007fdc    00000088                 : pin.obj (.text:PinConfigSet)
                  20008064    00000088                 : spi.obj (.text:SPITransfer)
                  200080ec    00000086     rtsv7M4_T_le_eabi.lib : fd_cmp_t2.asm.obj (.text:__aeabi_cdcmple)
                  20008172    00000086                           : fd_cmp_t2.asm.obj (.text:__aeabi_cdrcmple)
                  200081f8    0000007c                           : memory.c.obj (.text:split)
                  20008274    0000007a                           : memset_t2.asm.obj (.text)
                  200082ee    00000076     driverlib.a : uart.obj (.text:UARTConfigSetExpClk)
                  20008364    0000006e     rtsv7M4_T_le_eabi.lib : _printfi.c.obj (.text:_mcpy)
                  200083d2    00000068                           : copy_decompress_lzss.c.obj (.text:decompress:lzss:__TI_decompress_lzss)
                  2000843a    00000002     --HOLE-- [fill = 0]
                  2000843c    0000005c                           : s_frexp.c.obj (.text:frexp)
                  20008498    00000058     driverlib.a : prcm.obj (.text:PRCMPeripheralReset)
                  200084f0    00000056     rtsv7M4_T_le_eabi.lib : _printfi.c.obj (.text:_pconv_f)
                  20008546    00000054                           : ltoa.c.obj (.text:ltoa)
                  2000859a    00000052                           : _printfi.c.obj (.text:_ecpy)
                  200085ec    0000004c                           : atoi.c.obj (.text:atoi)
                  20008638    00000048                           : fd_toi_t2.asm.obj (.text)
                  20008680    00000044                           : autoinit.c.obj (.text:__TI_auto_init_nobinit_nopinit:__TI_auto_init_nobinit_nopinit)
                  200086c4    00000040     driverlib.a : pin.obj (.text:PinModeSet)
                  20008704    00000040     rtsv7M4_T_le_eabi.lib : vsnprintf.c.obj (.text:vsnprintf)
                  20008744    0000003e                           : _printfi.c.obj (.text:_fcpy)
                  20008782    00000002     --HOLE-- [fill = 0]
                  20008784    0000003c     driverlib.a : prcm.obj (.text:PRCMPeripheralClkEnable)
                  200087c0    00000036                 : gpio.obj (.text:GPIODirModeSet)
                  200087f6    00000030                 : pin.obj (.text:PinTypeGPIO)
                  20008826    00000002     --HOLE-- [fill = 0]
                  20008828    00000030                 : uart.obj (.text:UARTDisable)
                  20008858    00000030     rtsv7M4_T_le_eabi.lib : vsnprintf.c.obj (.text:_outs)
                  20008888    0000002e                           : i_tofd_t2.asm.obj (.text)
                  200088b6    00000002     --HOLE-- [fill = 0]
                  200088b8    0000002c     driverlib.a : prcm.obj (.text:PRCMSysResetCauseGet)
                  200088e4    00000028                 : prcm.obj (.text:PRCMPeripheralClkDisable)
                  2000890c    00000028     rtsv7M4_T_le_eabi.lib : memory.c.obj (.text:free_list_insert)
                  20008934    00000024     driverlib.a : uart.obj (.text:UARTEnable)
                  20008958    00000024     rtsv7M4_T_le_eabi.lib : boot_cortex_m.c.obj (.text:_c_int00_noargs:_c_int00_noargs)
                  2000897c    00000024                           : memmov.c.obj (.text:memmove)
                  200089a0    00000022     driverlib.a : spi.obj (.text:SPIReset)
                  200089c2    00000020                 : gpio.obj (.text:GPIOPinWrite)
                  200089e2    00000020                 : spi.obj (.text:SPIDataGet)
                  20008a02    0000001e                 : spi.obj (.text:SPIDataPut)
                  20008a20    0000001e                 : uart.obj (.text:UARTCharPut)
                  20008a3e    0000001c                 : uart.obj (.text:UARTCharGetNonBlocking)
                  20008a5a    0000001c     rtsv7M4_T_le_eabi.lib : copy_zero_init.c.obj (.text:decompress:ZI:__TI_zero_init_nomemset:__TI_zero_init_nomemset)
                  20008a76    00000002     --HOLE-- [fill = 0]
                  20008a78    0000001c                           : memory.c.obj (.text:free_list_remove)
                  20008a94    0000001c                           : memccpy.c.obj (.text:memccpy)
                  20008ab0    0000001a     driverlib.a : pin.obj (.text:PinTypeSPI)
                  20008aca    0000001a                 : pin.obj (.text:PinTypeUART)
                  20008ae4    00000018                 : spi.obj (.text:SPICSDisable)
                  20008afc    00000018                 : spi.obj (.text:SPICSEnable)
                  20008b14    00000018                 : spi.obj (.text:SPIEnable)
                  20008b2c    00000018                 : uart.obj (.text:UARTCharsAvail)
                  20008b44    00000018     rtsv7M4_T_le_eabi.lib : vsnprintf.c.obj (.text:_outc)
                  20008b5c    00000016     driverlib.a : prcm.obj (.text:PRCMHIBRegRead)
                  20008b72    00000016                 : prcm.obj (.text:PRCMHIBRegWrite)
                  20008b88    00000016                 : uart.obj (.text:UARTCharGet)
                  20008b9e    00000016     rtsv7M4_T_le_eabi.lib : strchr.c.obj (.text:strchr)
                  20008bb4    00000014     driverlib.a : cpu.obj (.text:CPUcpsie)
                  20008bc8    00000014                 : interrupt.obj (.text:IntVTableBaseSet)
                  20008bdc    00000014     rtsv7M4_T_le_eabi.lib : strlen.c.obj (.text:strlen)
                  20008bf0    00000012                           : wcslen.c.obj (.text:wcslen)
                  20008c02    0000000e                           : copy_decompress_none.c.obj (.text:decompress:none:__TI_decompress_none)
                  20008c10    0000000e     startup_ccs.obj (.text)
                  20008c1e    0000000c     rtsv7M4_T_le_eabi.lib : s_copysign.c.obj (.text:copysign)
                  20008c2a    0000000a     driverlib.a : interrupt.obj (.text:IntMasterEnable)
                  20008c34    00000008     rtsv7M4_T_le_eabi.lib : errno.c.obj (.text:__aeabi_errno_addr)
                  20008c3c    00000008                           : memory.c.obj (.text:malloc)
                  20008c44    00000006     driverlib.a : utils.obj (.text:UtilsDelay)
                  20008c4a    00000004     rtsv7M4_T_le_eabi.lib : pre_init.c.obj (.text:_system_pre_init)
                  20008c4e    00000004                           : exit.c.obj (.text:abort:abort)

.const     0    20008c54    000007bc     
                  20008c54    000004fb     Adafruit_GFX.obj (.const:.string:font)
                  2000914f    00000101     rtsv7M4_T_le_eabi.lib : ctype.c.obj (.const:.string:_ctypes_)
                  20009250    00000100     driverlib.a : pin.obj (.const:g_ulPinToPadMap)
                  20009350    000000a8                 : prcm.obj (.const:PRCM_PeriphRegsList)
                  200093f8    00000018                 : interrupt.obj (.const:g_pulEnRegs)

.cinit     0    20009410    00000048     
                  20009410    00000020     (.cinit..data.load) [load image, compression = lzss]
                  20009430    0000000c     (__TI_handler_table)
                  2000943c    00000004     --HOLE-- [fill = 0]
                  20009440    00000008     (.cinit..bss.load) [load image, compression = zero_init]
                  20009448    00000010     (__TI_cinit_table)

.sysmem    0    20017000    00000800     UNINITIALIZED
                  20017000    00000010     rtsv7M4_T_le_eabi.lib : memory.c.obj (.sysmem)
                  20017010    000007f0     --HOLE--

.bss       0    20017800    000000ce     UNINITIALIZED
                  20017800    00000064     main.obj (.bss:g_ucRxBuff)
                  20017864    00000064     main.obj (.bss:g_ucTxBuff)
                  200178c8    00000004     uart_if.obj (.bss)
                  200178cc    00000002     main.obj (.bss)

.data      0    200178d0    0000002c     UNINITIALIZED
                  200178d0    00000015     Adafruit_GFX.obj (.data)
                  200178e5    00000003     --HOLE--
                  200178e8    00000008     rtsv7M4_T_le_eabi.lib : _lock.c.obj (.data:$O1$$)
                  200178f0    00000008                           : memory.c.obj (.data:$O1$$)
                  200178f8    00000004                           : errno.c.obj (.data)

.stack     0    2002f800    00000800     UNINITIALIZED
                  2002f800    00000004     rtsv7M4_T_le_eabi.lib : boot_cortex_m.c.obj (.stack)
                  2002f804    000007fc     --HOLE--

MODULE SUMMARY

       Module                       code    ro data   rw data
       ------                       ----    -------   -------
    .\
       Adafruit_GFX.obj             2688    1275      21     
       test.obj                     1810    0         0      
       Adafruit_OLED.obj            1098    0         0      
       startup_ccs.obj              14      1024      0      
       main.obj                     568     0         202    
       uart_if.obj                  640     0         4      
       pin_mux_config.obj           356     0         0      
    +--+----------------------------+-------+---------+---------+
       Total:                       7174    2299      227    
                                                             
    D:/Embedded_Computing_Sys/ti/CC3200SDK/cc3200-sdk/driverlib/ccs/Release/driverlib.a
       spi.obj                      1062    0         0      
       prcm.obj                     800     168       0      
       pin.obj                      300     256       0      
       uart.obj                     306     0         0      
       interrupt.obj                198     24        0      
       gpio.obj                     86      0         0      
       cpu.obj                      20      0         0      
       utils.obj                    6       0         0      
    +--+----------------------------+-------+---------+---------+
       Total:                       2778    448       0      
                                                             
    D:\Embedded_Computing_Sys\ccs\ccs\tools\compiler\ti-cgt-arm_18.12.2.LTS\lib\rtsv7M4_T_le_eabi.lib
       _printfi.c.obj               4835    0         0      
       memory.c.obj                 892     0         8      
       fd_add_t2.asm.obj            438     0         0      
       fd_div_t2.asm.obj            310     0         0      
       fd_cmp_t2.asm.obj            268     0         0      
       ctype.c.obj                  0       257       0      
       fd_mul_t2.asm.obj            252     0         0      
       s_scalbn.c.obj               208     0         0      
       memcpy_t2.asm.obj            156     0         0      
       ull_div_t2.asm.obj           150     0         0      
       vsnprintf.c.obj              136     0         0      
       memset_t2.asm.obj            122     0         0      
       copy_decompress_lzss.c.obj   104     0         0      
       s_frexp.c.obj                92      0         0      
       ltoa.c.obj                   84      0         0      
       atoi.c.obj                   76      0         0      
       fd_toi_t2.asm.obj            72      0         0      
       autoinit.c.obj               68      0         0      
       i_tofd_t2.asm.obj            46      0         0      
       boot_cortex_m.c.obj          36      0         0      
       memmov.c.obj                 36      0         0      
       copy_zero_init.c.obj         28      0         0      
       memccpy.c.obj                28      0         0      
       strchr.c.obj                 22      0         0      
       strlen.c.obj                 20      0         0      
       wcslen.c.obj                 18      0         0      
       copy_decompress_none.c.obj   14      0         0      
       errno.c.obj                  8       0         4      
       s_copysign.c.obj             12      0         0      
       _lock.c.obj                  2       0         8      
       exit.c.obj                   4       0         0      
       pre_init.c.obj               4       0         0      
       div0.asm.obj                 2       0         0      
    +--+----------------------------+-------+---------+---------+
       Total:                       8543    257       20     
                                                             
       Heap:                        0       0         2048   
       Stack:                       0       0         2048   
       Linker Generated:            0       68        0      
    +--+----------------------------+-------+---------+---------+
       Grand Total:                 18495   3072      4343   


LINKER GENERATED COPY TABLES

__TI_cinit_table @ 20009448 records: 2, size/record: 8, table size: 16
	.data: load addr=20009410, load size=00000020 bytes, run addr=200178d0, run size=0000002c bytes, compression=lzss
	.bss: load addr=20009440, load size=00000008 bytes, run addr=20017800, run size=000000ce bytes, compression=zero_init


LINKER GENERATED HANDLER TABLE

__TI_handler_table @ 20009430 records: 3, size/record: 4, table size: 12
	index: 0, handler: __TI_decompress_lzss
	index: 1, handler: __TI_decompress_none
	index: 2, handler: __TI_zero_init


GLOBAL SYMBOLS: SORTED ALPHABETICALLY BY Name 

address   name                          
-------   ----                          
20006015  Adafruit_Init                 
20008c4f  C$$EXIT                       
20008bb5  CPUcpsie                      
2000646d  ClearTerm                     
2000618b  Color565                      
20006477  Error                         
200087c1  GPIODirModeSet                
200089c3  GPIOPinWrite                  
200064af  GetCmd                        
2000642d  InitTerm                      
20007ccd  IntEnable                     
20008c2b  IntMasterEnable               
20008bc9  IntVTableBaseSet              
20006915  MasterMain                    
2000644b  Message                       
20004dab  Outstr                        
20006ed1  PRCMCC3200MCUInit             
20008b5d  PRCMHIBRegRead                
20008b73  PRCMHIBRegWrite               
200088e5  PRCMPeripheralClkDisable      
20008785  PRCMPeripheralClkEnable       
20007f49  PRCMPeripheralClockGet        
20008499  PRCMPeripheralReset           
200088b9  PRCMSysResetCauseGet          
20007fdd  PinConfigSet                  
200086c5  PinModeSet                    
20007049  PinMuxConfig                  
200087f7  PinTypeGPIO                   
20008ab1  PinTypeSPI                    
20008acb  PinTypeUART                   
200065ed  Report                        
20008c11  ResetISR                      
20008ae5  SPICSDisable                  
20008afd  SPICSEnable                   
20007d75  SPIConfigSetExpClk            
200089e3  SPIDataGet                    
20008a03  SPIDataPut                    
20008b15  SPIEnable                     
200089a1  SPIReset                      
20008065  SPITransfer                   
20006555  TrimSpace                     
20008b89  UARTCharGet                   
20008a3f  UARTCharGetNonBlocking        
20008a21  UARTCharPut                   
20008b2d  UARTCharsAvail                
200082ef  UARTConfigSetExpClk           
20008829  UARTDisable                   
20008935  UARTEnable                    
20008c45  UtilsDelay                    
20030000  __STACK_END                   
00000800  __STACK_SIZE                  
00000800  __SYSMEM_SIZE                 
20009448  __TI_CINIT_Base               
20009458  __TI_CINIT_Limit              
20009430  __TI_Handler_Table_Base       
2000943c  __TI_Handler_Table_Limit      
20008681  __TI_auto_init_nobinit_nopinit
200083d3  __TI_decompress_lzss          
20008c03  __TI_decompress_none          
ffffffff  __TI_pprof_out_hndl           
20004e81  __TI_printfi                  
ffffffff  __TI_prof_data_size           
ffffffff  __TI_prof_data_start          
20009410  __TI_static_base__            
20008a5b  __TI_zero_init_nomemset       
200080ed  __aeabi_cdcmpeq               
200080ed  __aeabi_cdcmple               
20008173  __aeabi_cdrcmple              
20008639  __aeabi_d2iz                  
20006d23  __aeabi_dadd                  
200072e9  __aeabi_ddiv                  
20007541  __aeabi_dmul                  
20006d19  __aeabi_dsub                  
20008c35  __aeabi_errno_addr            
20008889  __aeabi_i2d                   
20006ecf  __aeabi_idiv0                 
20006ecf  __aeabi_ldiv0                 
20008275  __aeabi_memclr                
20008275  __aeabi_memclr4               
20008275  __aeabi_memclr8               
20007e15  __aeabi_memcpy                
20007e15  __aeabi_memcpy4               
20007e15  __aeabi_memcpy8               
20008277  __aeabi_memset                
20008277  __aeabi_memset4               
20008277  __aeabi_memset8               
20007eb1  __aeabi_uldivmod              
ffffffff  __binit__                     
ffffffff  __c_args__                    
UNDEFED   __mpu_init                    
2002f800  __stack                       
20008959  _c_int00_noargs               
2000914f  _ctypes_                      
200178e8  _lock                         
2000642b  _nop                          
20017000  _sys_memory                   
UNDEFED   _system_post_cinit            
20008c4b  _system_pre_init              
200178ec  _unlock                       
20008c4f  abort                         
2000763d  aligned_alloc                 
200085ed  atoi                          
ffffffff  binit                         
20008c1f  copysign                      
20008c1f  copysignl                     
200178d0  cursor_x                      
200178d4  cursor_y                      
200058cf  delay                         
20004c5f  drawChar                      
20004401  drawCircle                    
20004535  drawCircleHelper              
20006335  drawFastHLine                 
20006295  drawFastVLine                 
2000477b  drawLine                      
200063d1  drawPixel                     
20004867  drawRect                      
200048b5  drawRoundRect                 
20004a1d  drawTriangle                  
200178f8  errno                         
20004653  fillCircle                    
2000468d  fillCircleHelper              
200061e3  fillRect                      
200049a3  fillRoundRect                 
200061cd  fillScreen                    
20004a5f  fillTriangle                  
20007731  free                          
2000843d  frexp                         
2000843d  frexpl                        
20004000  g_pfnVectors                  
20006147  goTo                          
20004e5f  height                        
2000640f  invert                        
20005e41  lcdTestPattern                
20005f11  lcdTestPattern2               
200079c1  ldexp                         
200079c1  ldexpl                        
20008547  ltoa                          
200069c3  main                          
20008c3d  malloc                        
2000763d  memalign                      
20008a95  memccpy                       
20007e15  memcpy                        
2000897d  memmove                       
2000827d  memset                        
20007819  realloc                       
200079c1  scalbn                        
200079c1  scalbnl                       
20004df7  setCursor                     
20004e2f  setTextColor                  
20004e0f  setTextSize                   
20004e47  setTextWrap                   
20008b9f  strchr                        
20008bdd  strlen                        
20005b05  testdrawcircles               
20005975  testdrawrects                 
20005903  testfastlines                 
20005a93  testfillcircles               
200059d5  testfillrects                 
20005c73  testlines                     
20005c01  testroundrects                
20005b7f  testtriangles                 
200178e0  textbgcolor                   
200178dc  textcolor                     
200178d8  textsize                      
20008705  vsnprintf                     
20008bf1  wcslen                        
20004e5b  width                         
200178e4  wrap                          
20005fe1  writeCommand                  
20005ffb  writeData                     


GLOBAL SYMBOLS: SORTED BY Symbol Address 

address   name                          
-------   ----                          
00000800  __STACK_SIZE                  
00000800  __SYSMEM_SIZE                 
20004000  g_pfnVectors                  
20004401  drawCircle                    
20004535  drawCircleHelper              
20004653  fillCircle                    
2000468d  fillCircleHelper              
2000477b  drawLine                      
20004867  drawRect                      
200048b5  drawRoundRect                 
200049a3  fillRoundRect                 
20004a1d  drawTriangle                  
20004a5f  fillTriangle                  
20004c5f  drawChar                      
20004dab  Outstr                        
20004df7  setCursor                     
20004e0f  setTextSize                   
20004e2f  setTextColor                  
20004e47  setTextWrap                   
20004e5b  width                         
20004e5f  height                        
20004e81  __TI_printfi                  
200058cf  delay                         
20005903  testfastlines                 
20005975  testdrawrects                 
200059d5  testfillrects                 
20005a93  testfillcircles               
20005b05  testdrawcircles               
20005b7f  testtriangles                 
20005c01  testroundrects                
20005c73  testlines                     
20005e41  lcdTestPattern                
20005f11  lcdTestPattern2               
20005fe1  writeCommand                  
20005ffb  writeData                     
20006015  Adafruit_Init                 
20006147  goTo                          
2000618b  Color565                      
200061cd  fillScreen                    
200061e3  fillRect                      
20006295  drawFastVLine                 
20006335  drawFastHLine                 
200063d1  drawPixel                     
2000640f  invert                        
2000642b  _nop                          
2000642d  InitTerm                      
2000644b  Message                       
2000646d  ClearTerm                     
20006477  Error                         
200064af  GetCmd                        
20006555  TrimSpace                     
200065ed  Report                        
20006915  MasterMain                    
200069c3  main                          
20006d19  __aeabi_dsub                  
20006d23  __aeabi_dadd                  
20006ecf  __aeabi_idiv0                 
20006ecf  __aeabi_ldiv0                 
20006ed1  PRCMCC3200MCUInit             
20007049  PinMuxConfig                  
200072e9  __aeabi_ddiv                  
20007541  __aeabi_dmul                  
2000763d  aligned_alloc                 
2000763d  memalign                      
20007731  free                          
20007819  realloc                       
200079c1  ldexp                         
200079c1  ldexpl                        
200079c1  scalbn                        
200079c1  scalbnl                       
20007ccd  IntEnable                     
20007d75  SPIConfigSetExpClk            
20007e15  __aeabi_memcpy                
20007e15  __aeabi_memcpy4               
20007e15  __aeabi_memcpy8               
20007e15  memcpy                        
20007eb1  __aeabi_uldivmod              
20007f49  PRCMPeripheralClockGet        
20007fdd  PinConfigSet                  
20008065  SPITransfer                   
200080ed  __aeabi_cdcmpeq               
200080ed  __aeabi_cdcmple               
20008173  __aeabi_cdrcmple              
20008275  __aeabi_memclr                
20008275  __aeabi_memclr4               
20008275  __aeabi_memclr8               
20008277  __aeabi_memset                
20008277  __aeabi_memset4               
20008277  __aeabi_memset8               
2000827d  memset                        
200082ef  UARTConfigSetExpClk           
200083d3  __TI_decompress_lzss          
2000843d  frexp                         
2000843d  frexpl                        
20008499  PRCMPeripheralReset           
20008547  ltoa                          
200085ed  atoi                          
20008639  __aeabi_d2iz                  
20008681  __TI_auto_init_nobinit_nopinit
200086c5  PinModeSet                    
20008705  vsnprintf                     
20008785  PRCMPeripheralClkEnable       
200087c1  GPIODirModeSet                
200087f7  PinTypeGPIO                   
20008829  UARTDisable                   
20008889  __aeabi_i2d                   
200088b9  PRCMSysResetCauseGet          
200088e5  PRCMPeripheralClkDisable      
20008935  UARTEnable                    
20008959  _c_int00_noargs               
2000897d  memmove                       
200089a1  SPIReset                      
200089c3  GPIOPinWrite                  
200089e3  SPIDataGet                    
20008a03  SPIDataPut                    
20008a21  UARTCharPut                   
20008a3f  UARTCharGetNonBlocking        
20008a5b  __TI_zero_init_nomemset       
20008a95  memccpy                       
20008ab1  PinTypeSPI                    
20008acb  PinTypeUART                   
20008ae5  SPICSDisable                  
20008afd  SPICSEnable                   
20008b15  SPIEnable                     
20008b2d  UARTCharsAvail                
20008b5d  PRCMHIBRegRead                
20008b73  PRCMHIBRegWrite               
20008b89  UARTCharGet                   
20008b9f  strchr                        
20008bb5  CPUcpsie                      
20008bc9  IntVTableBaseSet              
20008bdd  strlen                        
20008bf1  wcslen                        
20008c03  __TI_decompress_none          
20008c11  ResetISR                      
20008c1f  copysign                      
20008c1f  copysignl                     
20008c2b  IntMasterEnable               
20008c35  __aeabi_errno_addr            
20008c3d  malloc                        
20008c45  UtilsDelay                    
20008c4b  _system_pre_init              
20008c4f  C$$EXIT                       
20008c4f  abort                         
2000914f  _ctypes_                      
20009410  __TI_static_base__            
20009430  __TI_Handler_Table_Base       
2000943c  __TI_Handler_Table_Limit      
20009448  __TI_CINIT_Base               
20009458  __TI_CINIT_Limit              
20017000  _sys_memory                   
200178d0  cursor_x                      
200178d4  cursor_y                      
200178d8  textsize                      
200178dc  textcolor                     
200178e0  textbgcolor                   
200178e4  wrap                          
200178e8  _lock                         
200178ec  _unlock                       
200178f8  errno                         
2002f800  __stack                       
20030000  __STACK_END                   
ffffffff  __TI_pprof_out_hndl           
ffffffff  __TI_prof_data_size           
ffffffff  __TI_prof_data_start          
ffffffff  __binit__                     
ffffffff  __c_args__                    
ffffffff  binit                         
UNDEFED   __mpu_init                    
UNDEFED   _system_post_cinit            

[170 symbols]
