<?xml version="1.0" encoding="ISO-8859-1" ?>
<link_info>
   <banner>TI ARM Linker PC v18.12.2.LTS</banner>
   <copyright>Copyright (c) 1996-2018 Texas Instruments Incorporated</copyright>
   <link_time>0x5da225d3</link_time>
   <link_errors>0x0</link_errors>
   <output_file>spi_demo.out</output_file>
   <entry_point>
      <name>_c_int00_noargs</name>
      <address>0x20008959</address>
   </entry_point>
   <input_file_list>
      <input_file id="fl-2">
         <path>.\</path>
         <kind>object</kind>
         <file>Adafruit_GFX.obj</file>
         <name>Adafruit_GFX.obj</name>
      </input_file>
      <input_file id="fl-3">
         <path>.\</path>
         <kind>object</kind>
         <file>Adafruit_OLED.obj</file>
         <name>Adafruit_OLED.obj</name>
      </input_file>
      <input_file id="fl-4">
         <path>.\</path>
         <kind>object</kind>
         <file>main.obj</file>
         <name>main.obj</name>
      </input_file>
      <input_file id="fl-5">
         <path>.\</path>
         <kind>object</kind>
         <file>pin_mux_config.obj</file>
         <name>pin_mux_config.obj</name>
      </input_file>
      <input_file id="fl-6">
         <path>.\</path>
         <kind>object</kind>
         <file>startup_ccs.obj</file>
         <name>startup_ccs.obj</name>
      </input_file>
      <input_file id="fl-7">
         <path>.\</path>
         <kind>object</kind>
         <file>test.obj</file>
         <name>test.obj</name>
      </input_file>
      <input_file id="fl-8">
         <path>.\</path>
         <kind>object</kind>
         <file>uart_if.obj</file>
         <name>uart_if.obj</name>
      </input_file>
      <input_file id="fl-d">
         <kind>object</kind>
         <file>&lt;internal&gt;</file>
         <name>&lt;internal&gt;</name>
      </input_file>
      <input_file id="fl-e">
         <path>D:\Embedded_Computing_Sys\ti\CC3200SDK\cc3200-sdk\driverlib\ccs\Release\</path>
         <kind>archive</kind>
         <file>driverlib.a</file>
         <name>gpio.obj</name>
      </input_file>
      <input_file id="fl-f">
         <path>D:\Embedded_Computing_Sys\ti\CC3200SDK\cc3200-sdk\driverlib\ccs\Release\</path>
         <kind>archive</kind>
         <file>driverlib.a</file>
         <name>interrupt.obj</name>
      </input_file>
      <input_file id="fl-10">
         <path>D:\Embedded_Computing_Sys\ti\CC3200SDK\cc3200-sdk\driverlib\ccs\Release\</path>
         <kind>archive</kind>
         <file>driverlib.a</file>
         <name>pin.obj</name>
      </input_file>
      <input_file id="fl-11">
         <path>D:\Embedded_Computing_Sys\ti\CC3200SDK\cc3200-sdk\driverlib\ccs\Release\</path>
         <kind>archive</kind>
         <file>driverlib.a</file>
         <name>prcm.obj</name>
      </input_file>
      <input_file id="fl-12">
         <path>D:\Embedded_Computing_Sys\ti\CC3200SDK\cc3200-sdk\driverlib\ccs\Release\</path>
         <kind>archive</kind>
         <file>driverlib.a</file>
         <name>spi.obj</name>
      </input_file>
      <input_file id="fl-13">
         <path>D:\Embedded_Computing_Sys\ti\CC3200SDK\cc3200-sdk\driverlib\ccs\Release\</path>
         <kind>archive</kind>
         <file>driverlib.a</file>
         <name>uart.obj</name>
      </input_file>
      <input_file id="fl-14">
         <path>D:\Embedded_Computing_Sys\ti\CC3200SDK\cc3200-sdk\driverlib\ccs\Release\</path>
         <kind>archive</kind>
         <file>driverlib.a</file>
         <name>utils.obj</name>
      </input_file>
      <input_file id="fl-15">
         <path>D:\Embedded_Computing_Sys\ti\CC3200SDK\cc3200-sdk\driverlib\ccs\Release\</path>
         <kind>archive</kind>
         <file>driverlib.a</file>
         <name>cpu.obj</name>
      </input_file>
      <input_file id="fl-16">
         <path>D:\Embedded_Computing_Sys\ti\CC3200SDK\cc3200-sdk\driverlib\ccs\Release\</path>
         <kind>archive</kind>
         <file>driverlib.a</file>
         <name>flash.obj</name>
      </input_file>
      <input_file id="fl-cc">
         <path>D:\Embedded_Computing_Sys\ccs\ccs\tools\compiler\ti-cgt-arm_18.12.2.LTS\lib\</path>
         <kind>archive</kind>
         <file>rtsv7M4_T_le_eabi.lib</file>
         <name>vsnprintf.c.obj</name>
      </input_file>
      <input_file id="fl-cd">
         <path>D:\Embedded_Computing_Sys\ccs\ccs\tools\compiler\ti-cgt-arm_18.12.2.LTS\lib\</path>
         <kind>archive</kind>
         <file>rtsv7M4_T_le_eabi.lib</file>
         <name>ull_div_t2.asm.obj</name>
      </input_file>
      <input_file id="fl-ce">
         <path>D:\Embedded_Computing_Sys\ccs\ccs\tools\compiler\ti-cgt-arm_18.12.2.LTS\lib\</path>
         <kind>archive</kind>
         <file>rtsv7M4_T_le_eabi.lib</file>
         <name>memcpy_t2.asm.obj</name>
      </input_file>
      <input_file id="fl-cf">
         <path>D:\Embedded_Computing_Sys\ccs\ccs\tools\compiler\ti-cgt-arm_18.12.2.LTS\lib\</path>
         <kind>archive</kind>
         <file>rtsv7M4_T_le_eabi.lib</file>
         <name>copy_zero_init.c.obj</name>
      </input_file>
      <input_file id="fl-d0">
         <path>D:\Embedded_Computing_Sys\ccs\ccs\tools\compiler\ti-cgt-arm_18.12.2.LTS\lib\</path>
         <kind>archive</kind>
         <file>rtsv7M4_T_le_eabi.lib</file>
         <name>copy_decompress_none.c.obj</name>
      </input_file>
      <input_file id="fl-d1">
         <path>D:\Embedded_Computing_Sys\ccs\ccs\tools\compiler\ti-cgt-arm_18.12.2.LTS\lib\</path>
         <kind>archive</kind>
         <file>rtsv7M4_T_le_eabi.lib</file>
         <name>copy_decompress_lzss.c.obj</name>
      </input_file>
      <input_file id="fl-d2">
         <path>D:\Embedded_Computing_Sys\ccs\ccs\tools\compiler\ti-cgt-arm_18.12.2.LTS\lib\</path>
         <kind>archive</kind>
         <file>rtsv7M4_T_le_eabi.lib</file>
         <name>memmov.c.obj</name>
      </input_file>
      <input_file id="fl-d3">
         <path>D:\Embedded_Computing_Sys\ccs\ccs\tools\compiler\ti-cgt-arm_18.12.2.LTS\lib\</path>
         <kind>archive</kind>
         <file>rtsv7M4_T_le_eabi.lib</file>
         <name>memory.c.obj</name>
      </input_file>
      <input_file id="fl-d4">
         <path>D:\Embedded_Computing_Sys\ccs\ccs\tools\compiler\ti-cgt-arm_18.12.2.LTS\lib\</path>
         <kind>archive</kind>
         <file>rtsv7M4_T_le_eabi.lib</file>
         <name>strlen.c.obj</name>
      </input_file>
      <input_file id="fl-d5">
         <path>D:\Embedded_Computing_Sys\ccs\ccs\tools\compiler\ti-cgt-arm_18.12.2.LTS\lib\</path>
         <kind>archive</kind>
         <file>rtsv7M4_T_le_eabi.lib</file>
         <name>boot_cortex_m.c.obj</name>
      </input_file>
      <input_file id="fl-d6">
         <path>D:\Embedded_Computing_Sys\ccs\ccs\tools\compiler\ti-cgt-arm_18.12.2.LTS\lib\</path>
         <kind>archive</kind>
         <file>rtsv7M4_T_le_eabi.lib</file>
         <name>_printfi.c.obj</name>
      </input_file>
      <input_file id="fl-d7">
         <path>D:\Embedded_Computing_Sys\ccs\ccs\tools\compiler\ti-cgt-arm_18.12.2.LTS\lib\</path>
         <kind>archive</kind>
         <file>rtsv7M4_T_le_eabi.lib</file>
         <name>s_frexp.c.obj</name>
      </input_file>
      <input_file id="fl-d8">
         <path>D:\Embedded_Computing_Sys\ccs\ccs\tools\compiler\ti-cgt-arm_18.12.2.LTS\lib\</path>
         <kind>archive</kind>
         <file>rtsv7M4_T_le_eabi.lib</file>
         <name>s_scalbn.c.obj</name>
      </input_file>
      <input_file id="fl-d9">
         <path>D:\Embedded_Computing_Sys\ccs\ccs\tools\compiler\ti-cgt-arm_18.12.2.LTS\lib\</path>
         <kind>archive</kind>
         <file>rtsv7M4_T_le_eabi.lib</file>
         <name>div0.asm.obj</name>
      </input_file>
      <input_file id="fl-da">
         <path>D:\Embedded_Computing_Sys\ccs\ccs\tools\compiler\ti-cgt-arm_18.12.2.LTS\lib\</path>
         <kind>archive</kind>
         <file>rtsv7M4_T_le_eabi.lib</file>
         <name>memset_t2.asm.obj</name>
      </input_file>
      <input_file id="fl-db">
         <path>D:\Embedded_Computing_Sys\ccs\ccs\tools\compiler\ti-cgt-arm_18.12.2.LTS\lib\</path>
         <kind>archive</kind>
         <file>rtsv7M4_T_le_eabi.lib</file>
         <name>fd_add_t2.asm.obj</name>
      </input_file>
      <input_file id="fl-dc">
         <path>D:\Embedded_Computing_Sys\ccs\ccs\tools\compiler\ti-cgt-arm_18.12.2.LTS\lib\</path>
         <kind>archive</kind>
         <file>rtsv7M4_T_le_eabi.lib</file>
         <name>fd_cmp_t2.asm.obj</name>
      </input_file>
      <input_file id="fl-dd">
         <path>D:\Embedded_Computing_Sys\ccs\ccs\tools\compiler\ti-cgt-arm_18.12.2.LTS\lib\</path>
         <kind>archive</kind>
         <file>rtsv7M4_T_le_eabi.lib</file>
         <name>fd_div_t2.asm.obj</name>
      </input_file>
      <input_file id="fl-de">
         <path>D:\Embedded_Computing_Sys\ccs\ccs\tools\compiler\ti-cgt-arm_18.12.2.LTS\lib\</path>
         <kind>archive</kind>
         <file>rtsv7M4_T_le_eabi.lib</file>
         <name>fd_mul_t2.asm.obj</name>
      </input_file>
      <input_file id="fl-df">
         <path>D:\Embedded_Computing_Sys\ccs\ccs\tools\compiler\ti-cgt-arm_18.12.2.LTS\lib\</path>
         <kind>archive</kind>
         <file>rtsv7M4_T_le_eabi.lib</file>
         <name>fd_toi_t2.asm.obj</name>
      </input_file>
      <input_file id="fl-e0">
         <path>D:\Embedded_Computing_Sys\ccs\ccs\tools\compiler\ti-cgt-arm_18.12.2.LTS\lib\</path>
         <kind>archive</kind>
         <file>rtsv7M4_T_le_eabi.lib</file>
         <name>i_tofd_t2.asm.obj</name>
      </input_file>
      <input_file id="fl-e1">
         <path>D:\Embedded_Computing_Sys\ccs\ccs\tools\compiler\ti-cgt-arm_18.12.2.LTS\lib\</path>
         <kind>archive</kind>
         <file>rtsv7M4_T_le_eabi.lib</file>
         <name>autoinit.c.obj</name>
      </input_file>
      <input_file id="fl-e2">
         <path>D:\Embedded_Computing_Sys\ccs\ccs\tools\compiler\ti-cgt-arm_18.12.2.LTS\lib\</path>
         <kind>archive</kind>
         <file>rtsv7M4_T_le_eabi.lib</file>
         <name>pre_init.c.obj</name>
      </input_file>
      <input_file id="fl-e3">
         <path>D:\Embedded_Computing_Sys\ccs\ccs\tools\compiler\ti-cgt-arm_18.12.2.LTS\lib\</path>
         <kind>archive</kind>
         <file>rtsv7M4_T_le_eabi.lib</file>
         <name>cpy_tbl.c.obj</name>
      </input_file>
      <input_file id="fl-e4">
         <path>D:\Embedded_Computing_Sys\ccs\ccs\tools\compiler\ti-cgt-arm_18.12.2.LTS\lib\</path>
         <kind>archive</kind>
         <file>rtsv7M4_T_le_eabi.lib</file>
         <name>exit.c.obj</name>
      </input_file>
      <input_file id="fl-e5">
         <path>D:\Embedded_Computing_Sys\ccs\ccs\tools\compiler\ti-cgt-arm_18.12.2.LTS\lib\</path>
         <kind>archive</kind>
         <file>rtsv7M4_T_le_eabi.lib</file>
         <name>_lock.c.obj</name>
      </input_file>
      <input_file id="fl-e6">
         <path>D:\Embedded_Computing_Sys\ccs\ccs\tools\compiler\ti-cgt-arm_18.12.2.LTS\lib\</path>
         <kind>archive</kind>
         <file>rtsv7M4_T_le_eabi.lib</file>
         <name>args_main.c.obj</name>
      </input_file>
      <input_file id="fl-e7">
         <path>D:\Embedded_Computing_Sys\ccs\ccs\tools\compiler\ti-cgt-arm_18.12.2.LTS\lib\</path>
         <kind>archive</kind>
         <file>rtsv7M4_T_le_eabi.lib</file>
         <name>atoi.c.obj</name>
      </input_file>
      <input_file id="fl-e8">
         <path>D:\Embedded_Computing_Sys\ccs\ccs\tools\compiler\ti-cgt-arm_18.12.2.LTS\lib\</path>
         <kind>archive</kind>
         <file>rtsv7M4_T_le_eabi.lib</file>
         <name>ctype.c.obj</name>
      </input_file>
      <input_file id="fl-e9">
         <path>D:\Embedded_Computing_Sys\ccs\ccs\tools\compiler\ti-cgt-arm_18.12.2.LTS\lib\</path>
         <kind>archive</kind>
         <file>rtsv7M4_T_le_eabi.lib</file>
         <name>ltoa.c.obj</name>
      </input_file>
      <input_file id="fl-ea">
         <path>D:\Embedded_Computing_Sys\ccs\ccs\tools\compiler\ti-cgt-arm_18.12.2.LTS\lib\</path>
         <kind>archive</kind>
         <file>rtsv7M4_T_le_eabi.lib</file>
         <name>memccpy.c.obj</name>
      </input_file>
      <input_file id="fl-eb">
         <path>D:\Embedded_Computing_Sys\ccs\ccs\tools\compiler\ti-cgt-arm_18.12.2.LTS\lib\</path>
         <kind>archive</kind>
         <file>rtsv7M4_T_le_eabi.lib</file>
         <name>strchr.c.obj</name>
      </input_file>
      <input_file id="fl-ec">
         <path>D:\Embedded_Computing_Sys\ccs\ccs\tools\compiler\ti-cgt-arm_18.12.2.LTS\lib\</path>
         <kind>archive</kind>
         <file>rtsv7M4_T_le_eabi.lib</file>
         <name>errno.c.obj</name>
      </input_file>
      <input_file id="fl-ed">
         <path>D:\Embedded_Computing_Sys\ccs\ccs\tools\compiler\ti-cgt-arm_18.12.2.LTS\lib\</path>
         <kind>archive</kind>
         <file>rtsv7M4_T_le_eabi.lib</file>
         <name>wcslen.c.obj</name>
      </input_file>
      <input_file id="fl-ee">
         <path>D:\Embedded_Computing_Sys\ccs\ccs\tools\compiler\ti-cgt-arm_18.12.2.LTS\lib\</path>
         <kind>archive</kind>
         <file>rtsv7M4_T_le_eabi.lib</file>
         <name>s_copysign.c.obj</name>
      </input_file>
   </input_file_list>
   <object_component_list>
      <object_component id="oc-f">
         <name>.intvecs</name>
         <load_address>0x20004000</load_address>
         <run_address>0x20004000</run_address>
         <size>0x400</size>
         <input_file_ref idref="fl-6"/>
      </object_component>
      <object_component id="oc-1ef">
         <name>.text</name>
         <load_address>0x20004400</load_address>
         <run_address>0x20004400</run_address>
         <size>0xa80</size>
         <input_file_ref idref="fl-2"/>
      </object_component>
      <object_component id="oc-27b">
         <name>.text:__TI_printfi</name>
         <load_address>0x20004e80</load_address>
         <run_address>0x20004e80</run_address>
         <size>0xa4e</size>
         <input_file_ref idref="fl-d6"/>
      </object_component>
      <object_component id="oc-f8">
         <name>.text</name>
         <load_address>0x200058ce</load_address>
         <run_address>0x200058ce</run_address>
         <size>0x712</size>
         <input_file_ref idref="fl-7"/>
      </object_component>
      <object_component id="oc-f2">
         <name>.text</name>
         <load_address>0x20005fe0</load_address>
         <run_address>0x20005fe0</run_address>
         <size>0x44a</size>
         <input_file_ref idref="fl-3"/>
      </object_component>
      <object_component id="oc-2fe">
         <name>.text:_nop</name>
         <load_address>0x2000642a</load_address>
         <run_address>0x2000642a</run_address>
         <size>0x2</size>
         <input_file_ref idref="fl-e5"/>
      </object_component>
      <object_component id="oc-da">
         <name>.text</name>
         <load_address>0x2000642c</load_address>
         <run_address>0x2000642c</run_address>
         <size>0x280</size>
         <input_file_ref idref="fl-8"/>
      </object_component>
      <object_component id="oc-342">
         <name>.text:_pconv_a</name>
         <load_address>0x200066ac</load_address>
         <run_address>0x200066ac</run_address>
         <size>0x268</size>
         <input_file_ref idref="fl-d6"/>
      </object_component>
      <object_component id="oc-94">
         <name>.text</name>
         <load_address>0x20006914</load_address>
         <run_address>0x20006914</run_address>
         <size>0x238</size>
         <input_file_ref idref="fl-4"/>
      </object_component>
      <object_component id="oc-330">
         <name>.text:_pconv_g</name>
         <load_address>0x20006b4c</load_address>
         <run_address>0x20006b4c</run_address>
         <size>0x1cc</size>
         <input_file_ref idref="fl-d6"/>
      </object_component>
      <object_component id="oc-3bb">
         <name>.text</name>
         <load_address>0x20006d18</load_address>
         <run_address>0x20006d18</run_address>
         <size>0x1b6</size>
         <input_file_ref idref="fl-db"/>
      </object_component>
      <object_component id="oc-411">
         <name>.text</name>
         <load_address>0x20006ece</load_address>
         <run_address>0x20006ece</run_address>
         <size>0x2</size>
         <input_file_ref idref="fl-d9"/>
      </object_component>
      <object_component id="oc-116">
         <name>.text:PRCMCC3200MCUInit</name>
         <load_address>0x20006ed0</load_address>
         <run_address>0x20006ed0</run_address>
         <size>0x178</size>
         <input_file_ref idref="fl-11"/>
      </object_component>
      <object_component id="oc-11c">
         <name>.text</name>
         <load_address>0x20007048</load_address>
         <run_address>0x20007048</run_address>
         <size>0x164</size>
         <input_file_ref idref="fl-5"/>
      </object_component>
      <object_component id="oc-33c">
         <name>.text:_pconv_e</name>
         <load_address>0x200071ac</load_address>
         <run_address>0x200071ac</run_address>
         <size>0x13c</size>
         <input_file_ref idref="fl-d6"/>
      </object_component>
      <object_component id="oc-3a1">
         <name>.text</name>
         <load_address>0x200072e8</load_address>
         <run_address>0x200072e8</run_address>
         <size>0x136</size>
         <input_file_ref idref="fl-dd"/>
      </object_component>
      <object_component id="oc-3cd">
         <name>.text:fcvt</name>
         <load_address>0x20007420</load_address>
         <run_address>0x20007420</run_address>
         <size>0x120</size>
         <input_file_ref idref="fl-d6"/>
      </object_component>
      <object_component id="oc-39c">
         <name>.text</name>
         <load_address>0x20007540</load_address>
         <run_address>0x20007540</run_address>
         <size>0xfc</size>
         <input_file_ref idref="fl-de"/>
      </object_component>
      <object_component id="oc-29f">
         <name>.text:aligned_alloc</name>
         <load_address>0x2000763c</load_address>
         <run_address>0x2000763c</run_address>
         <size>0xf4</size>
         <input_file_ref idref="fl-d3"/>
      </object_component>
      <object_component id="oc-1b0">
         <name>.text:free</name>
         <load_address>0x20007730</load_address>
         <run_address>0x20007730</run_address>
         <size>0xe8</size>
         <input_file_ref idref="fl-d3"/>
      </object_component>
      <object_component id="oc-1aa">
         <name>.text:realloc</name>
         <load_address>0x20007818</load_address>
         <run_address>0x20007818</run_address>
         <size>0xd8</size>
         <input_file_ref idref="fl-d3"/>
      </object_component>
      <object_component id="oc-1d2">
         <name>.text:SPITransfer32</name>
         <load_address>0x200078f0</load_address>
         <run_address>0x200078f0</run_address>
         <size>0xd0</size>
         <input_file_ref idref="fl-12"/>
      </object_component>
      <object_component id="oc-3e1">
         <name>.text:scalbn</name>
         <load_address>0x200079c0</load_address>
         <run_address>0x200079c0</run_address>
         <size>0xd0</size>
         <input_file_ref idref="fl-d8"/>
      </object_component>
      <object_component id="oc-1cc">
         <name>.text:SPITransfer16</name>
         <load_address>0x20007a90</load_address>
         <run_address>0x20007a90</run_address>
         <size>0xce</size>
         <input_file_ref idref="fl-12"/>
      </object_component>
      <object_component id="oc-1c6">
         <name>.text:SPITransfer8</name>
         <load_address>0x20007b5e</load_address>
         <run_address>0x20007b5e</run_address>
         <size>0xb8</size>
         <input_file_ref idref="fl-12"/>
      </object_component>
      <object_component id="oc-325">
         <name>.text:_ltostr</name>
         <load_address>0x20007c18</load_address>
         <run_address>0x20007c18</run_address>
         <size>0xb1</size>
         <input_file_ref idref="fl-d6"/>
      </object_component>
      <object_component id="oc-110">
         <name>.text:IntEnable</name>
         <load_address>0x20007ccc</load_address>
         <run_address>0x20007ccc</run_address>
         <size>0xa8</size>
         <input_file_ref idref="fl-f"/>
      </object_component>
      <object_component id="oc-ce">
         <name>.text:SPIConfigSetExpClk</name>
         <load_address>0x20007d74</load_address>
         <run_address>0x20007d74</run_address>
         <size>0xa0</size>
         <input_file_ref idref="fl-12"/>
      </object_component>
      <object_component id="oc-3a">
         <name>.text</name>
         <load_address>0x20007e14</load_address>
         <run_address>0x20007e14</run_address>
         <size>0x9c</size>
         <input_file_ref idref="fl-ce"/>
      </object_component>
      <object_component id="oc-395">
         <name>.text</name>
         <load_address>0x20007eb0</load_address>
         <run_address>0x20007eb0</run_address>
         <size>0x96</size>
         <input_file_ref idref="fl-cd"/>
      </object_component>
      <object_component id="oc-c8">
         <name>.text:PRCMPeripheralClockGet</name>
         <load_address>0x20007f48</load_address>
         <run_address>0x20007f48</run_address>
         <size>0x94</size>
         <input_file_ref idref="fl-11"/>
      </object_component>
      <object_component id="oc-2e7">
         <name>.text:PinConfigSet</name>
         <load_address>0x20007fdc</load_address>
         <run_address>0x20007fdc</run_address>
         <size>0x88</size>
         <input_file_ref idref="fl-10"/>
      </object_component>
      <object_component id="oc-e6">
         <name>.text:SPITransfer</name>
         <load_address>0x20008064</load_address>
         <run_address>0x20008064</run_address>
         <size>0x88</size>
         <input_file_ref idref="fl-12"/>
      </object_component>
      <object_component id="oc-32b">
         <name>.text:__aeabi_cdcmple</name>
         <load_address>0x200080ec</load_address>
         <run_address>0x200080ec</run_address>
         <size>0x86</size>
         <input_file_ref idref="fl-dc"/>
      </object_component>
      <object_component id="oc-3a6">
         <name>.text:__aeabi_cdrcmple</name>
         <load_address>0x20008172</load_address>
         <run_address>0x20008172</run_address>
         <size>0x86</size>
         <input_file_ref idref="fl-dc"/>
      </object_component>
      <object_component id="oc-2ac">
         <name>.text:split</name>
         <load_address>0x200081f8</load_address>
         <run_address>0x200081f8</run_address>
         <size>0x7c</size>
         <input_file_ref idref="fl-d3"/>
      </object_component>
      <object_component id="oc-88">
         <name>.text</name>
         <load_address>0x20008274</load_address>
         <run_address>0x20008274</run_address>
         <size>0x7a</size>
         <input_file_ref idref="fl-da"/>
      </object_component>
      <object_component id="oc-17a">
         <name>.text:UARTConfigSetExpClk</name>
         <load_address>0x200082ee</load_address>
         <run_address>0x200082ee</run_address>
         <size>0x76</size>
         <input_file_ref idref="fl-13"/>
      </object_component>
      <object_component id="oc-3c6">
         <name>.text:_mcpy</name>
         <load_address>0x20008364</load_address>
         <run_address>0x20008364</run_address>
         <size>0x6e</size>
         <input_file_ref idref="fl-d6"/>
      </object_component>
      <object_component id="oc-12">
         <name>.text:decompress:lzss:__TI_decompress_lzss</name>
         <load_address>0x200083d2</load_address>
         <run_address>0x200083d2</run_address>
         <size>0x68</size>
         <input_file_ref idref="fl-d1"/>
      </object_component>
      <object_component id="oc-3db">
         <name>.text:frexp</name>
         <load_address>0x2000843c</load_address>
         <run_address>0x2000843c</run_address>
         <size>0x5c</size>
         <input_file_ref idref="fl-d7"/>
      </object_component>
      <object_component id="oc-128">
         <name>.text:PRCMPeripheralReset</name>
         <load_address>0x20008498</load_address>
         <run_address>0x20008498</run_address>
         <size>0x58</size>
         <input_file_ref idref="fl-11"/>
      </object_component>
      <object_component id="oc-336">
         <name>.text:_pconv_f</name>
         <load_address>0x200084f0</load_address>
         <run_address>0x200084f0</run_address>
         <size>0x56</size>
         <input_file_ref idref="fl-d6"/>
      </object_component>
      <object_component id="oc-3b0">
         <name>.text:ltoa</name>
         <load_address>0x20008546</load_address>
         <run_address>0x20008546</run_address>
         <size>0x54</size>
         <input_file_ref idref="fl-e9"/>
      </object_component>
      <object_component id="oc-3c0">
         <name>.text:_ecpy</name>
         <load_address>0x2000859a</load_address>
         <run_address>0x2000859a</run_address>
         <size>0x52</size>
         <input_file_ref idref="fl-d6"/>
      </object_component>
      <object_component id="oc-31f">
         <name>.text:atoi</name>
         <load_address>0x200085ec</load_address>
         <run_address>0x200085ec</run_address>
         <size>0x4c</size>
         <input_file_ref idref="fl-e7"/>
      </object_component>
      <object_component id="oc-3ab">
         <name>.text</name>
         <load_address>0x20008638</load_address>
         <run_address>0x20008638</run_address>
         <size>0x48</size>
         <input_file_ref idref="fl-df"/>
      </object_component>
      <object_component id="oc-144">
         <name>.text:__TI_auto_init_nobinit_nopinit:__TI_auto_init_nobinit_nopinit</name>
         <load_address>0x20008680</load_address>
         <run_address>0x20008680</run_address>
         <size>0x44</size>
         <input_file_ref idref="fl-e1"/>
      </object_component>
      <object_component id="oc-221">
         <name>.text:PinModeSet</name>
         <load_address>0x200086c4</load_address>
         <run_address>0x200086c4</run_address>
         <size>0x40</size>
         <input_file_ref idref="fl-10"/>
      </object_component>
      <object_component id="oc-186">
         <name>.text:vsnprintf</name>
         <load_address>0x20008704</load_address>
         <run_address>0x20008704</run_address>
         <size>0x40</size>
         <input_file_ref idref="fl-cc"/>
      </object_component>
      <object_component id="oc-3d3">
         <name>.text:_fcpy</name>
         <load_address>0x20008744</load_address>
         <run_address>0x20008744</run_address>
         <size>0x3e</size>
         <input_file_ref idref="fl-d6"/>
      </object_component>
      <object_component id="oc-122">
         <name>.text:PRCMPeripheralClkEnable</name>
         <load_address>0x20008784</load_address>
         <run_address>0x20008784</run_address>
         <size>0x3c</size>
         <input_file_ref idref="fl-11"/>
      </object_component>
      <object_component id="oc-22d">
         <name>.text:GPIODirModeSet</name>
         <load_address>0x200087c0</load_address>
         <run_address>0x200087c0</run_address>
         <size>0x36</size>
         <input_file_ref idref="fl-e"/>
      </object_component>
      <object_component id="oc-227">
         <name>.text:PinTypeGPIO</name>
         <load_address>0x200087f6</load_address>
         <run_address>0x200087f6</run_address>
         <size>0x30</size>
         <input_file_ref idref="fl-10"/>
      </object_component>
      <object_component id="oc-26d">
         <name>.text:UARTDisable</name>
         <load_address>0x20008828</load_address>
         <run_address>0x20008828</run_address>
         <size>0x30</size>
         <input_file_ref idref="fl-13"/>
      </object_component>
      <object_component id="oc-281">
         <name>.text:_outs</name>
         <load_address>0x20008858</load_address>
         <run_address>0x20008858</run_address>
         <size>0x30</size>
         <input_file_ref idref="fl-cc"/>
      </object_component>
      <object_component id="oc-3b6">
         <name>.text</name>
         <load_address>0x20008888</load_address>
         <run_address>0x20008888</run_address>
         <size>0x2e</size>
         <input_file_ref idref="fl-e0"/>
      </object_component>
      <object_component id="oc-208">
         <name>.text:PRCMSysResetCauseGet</name>
         <load_address>0x200088b8</load_address>
         <run_address>0x200088b8</run_address>
         <size>0x2c</size>
         <input_file_ref idref="fl-11"/>
      </object_component>
      <object_component id="oc-21a">
         <name>.text:PRCMPeripheralClkDisable</name>
         <load_address>0x200088e4</load_address>
         <run_address>0x200088e4</run_address>
         <size>0x28</size>
         <input_file_ref idref="fl-11"/>
      </object_component>
      <object_component id="oc-2b3">
         <name>.text:free_list_insert</name>
         <load_address>0x2000890c</load_address>
         <run_address>0x2000890c</run_address>
         <size>0x28</size>
         <input_file_ref idref="fl-d3"/>
      </object_component>
      <object_component id="oc-273">
         <name>.text:UARTEnable</name>
         <load_address>0x20008934</load_address>
         <run_address>0x20008934</run_address>
         <size>0x24</size>
         <input_file_ref idref="fl-13"/>
      </object_component>
      <object_component id="oc-58">
         <name>.text:_c_int00_noargs:_c_int00_noargs</name>
         <load_address>0x20008958</load_address>
         <run_address>0x20008958</run_address>
         <size>0x24</size>
         <input_file_ref idref="fl-d5"/>
      </object_component>
      <object_component id="oc-19e">
         <name>.text:memmove</name>
         <load_address>0x2000897c</load_address>
         <run_address>0x2000897c</run_address>
         <size>0x24</size>
         <input_file_ref idref="fl-d2"/>
      </object_component>
      <object_component id="oc-c2">
         <name>.text:SPIReset</name>
         <load_address>0x200089a0</load_address>
         <run_address>0x200089a0</run_address>
         <size>0x22</size>
         <input_file_ref idref="fl-12"/>
      </object_component>
      <object_component id="oc-1e7">
         <name>.text:GPIOPinWrite</name>
         <load_address>0x200089c2</load_address>
         <run_address>0x200089c2</run_address>
         <size>0x20</size>
         <input_file_ref idref="fl-e"/>
      </object_component>
      <object_component id="oc-1e1">
         <name>.text:SPIDataGet</name>
         <load_address>0x200089e2</load_address>
         <run_address>0x200089e2</run_address>
         <size>0x20</size>
         <input_file_ref idref="fl-12"/>
      </object_component>
      <object_component id="oc-1db">
         <name>.text:SPIDataPut</name>
         <load_address>0x20008a02</load_address>
         <run_address>0x20008a02</run_address>
         <size>0x1e</size>
         <input_file_ref idref="fl-12"/>
      </object_component>
      <object_component id="oc-180">
         <name>.text:UARTCharPut</name>
         <load_address>0x20008a20</load_address>
         <run_address>0x20008a20</run_address>
         <size>0x1e</size>
         <input_file_ref idref="fl-13"/>
      </object_component>
      <object_component id="oc-192">
         <name>.text:UARTCharGetNonBlocking</name>
         <load_address>0x20008a3e</load_address>
         <run_address>0x20008a3e</run_address>
         <size>0x1c</size>
         <input_file_ref idref="fl-13"/>
      </object_component>
      <object_component id="oc-46">
         <name>.text:decompress:ZI:__TI_zero_init_nomemset:__TI_zero_init_nomemset</name>
         <load_address>0x20008a5a</load_address>
         <run_address>0x20008a5a</run_address>
         <size>0x1c</size>
         <input_file_ref idref="fl-cf"/>
      </object_component>
      <object_component id="oc-2a6">
         <name>.text:free_list_remove</name>
         <load_address>0x20008a78</load_address>
         <run_address>0x20008a78</run_address>
         <size>0x1c</size>
         <input_file_ref idref="fl-d3"/>
      </object_component>
      <object_component id="oc-348">
         <name>.text:memccpy</name>
         <load_address>0x20008a94</load_address>
         <run_address>0x20008a94</run_address>
         <size>0x1c</size>
         <input_file_ref idref="fl-ea"/>
      </object_component>
      <object_component id="oc-233">
         <name>.text:PinTypeSPI</name>
         <load_address>0x20008ab0</load_address>
         <run_address>0x20008ab0</run_address>
         <size>0x1a</size>
         <input_file_ref idref="fl-10"/>
      </object_component>
      <object_component id="oc-239">
         <name>.text:PinTypeUART</name>
         <load_address>0x20008aca</load_address>
         <run_address>0x20008aca</run_address>
         <size>0x1a</size>
         <input_file_ref idref="fl-10"/>
      </object_component>
      <object_component id="oc-fe">
         <name>.text:SPICSDisable</name>
         <load_address>0x20008ae4</load_address>
         <run_address>0x20008ae4</run_address>
         <size>0x18</size>
         <input_file_ref idref="fl-12"/>
      </object_component>
      <object_component id="oc-ec">
         <name>.text:SPICSEnable</name>
         <load_address>0x20008afc</load_address>
         <run_address>0x20008afc</run_address>
         <size>0x18</size>
         <input_file_ref idref="fl-12"/>
      </object_component>
      <object_component id="oc-d4">
         <name>.text:SPIEnable</name>
         <load_address>0x20008b14</load_address>
         <run_address>0x20008b14</run_address>
         <size>0x18</size>
         <input_file_ref idref="fl-12"/>
      </object_component>
      <object_component id="oc-18c">
         <name>.text:UARTCharsAvail</name>
         <load_address>0x20008b2c</load_address>
         <run_address>0x20008b2c</run_address>
         <size>0x18</size>
         <input_file_ref idref="fl-13"/>
      </object_component>
      <object_component id="oc-287">
         <name>.text:_outc</name>
         <load_address>0x20008b44</load_address>
         <run_address>0x20008b44</run_address>
         <size>0x18</size>
         <input_file_ref idref="fl-cc"/>
      </object_component>
      <object_component id="oc-20e">
         <name>.text:PRCMHIBRegRead</name>
         <load_address>0x20008b5c</load_address>
         <run_address>0x20008b5c</run_address>
         <size>0x16</size>
         <input_file_ref idref="fl-11"/>
      </object_component>
      <object_component id="oc-214">
         <name>.text:PRCMHIBRegWrite</name>
         <load_address>0x20008b72</load_address>
         <run_address>0x20008b72</run_address>
         <size>0x16</size>
         <input_file_ref idref="fl-11"/>
      </object_component>
      <object_component id="oc-e0">
         <name>.text:UARTCharGet</name>
         <load_address>0x20008b88</load_address>
         <run_address>0x20008b88</run_address>
         <size>0x16</size>
         <input_file_ref idref="fl-13"/>
      </object_component>
      <object_component id="oc-3e7">
         <name>.text:strchr</name>
         <load_address>0x20008b9e</load_address>
         <run_address>0x20008b9e</run_address>
         <size>0x16</size>
         <input_file_ref idref="fl-eb"/>
      </object_component>
      <object_component id="oc-1f8">
         <name>.text:CPUcpsie</name>
         <load_address>0x20008bb4</load_address>
         <run_address>0x20008bb4</run_address>
         <size>0x14</size>
         <input_file_ref idref="fl-15"/>
      </object_component>
      <object_component id="oc-104">
         <name>.text:IntVTableBaseSet</name>
         <load_address>0x20008bc8</load_address>
         <run_address>0x20008bc8</run_address>
         <size>0x14</size>
         <input_file_ref idref="fl-f"/>
      </object_component>
      <object_component id="oc-198">
         <name>.text:strlen</name>
         <load_address>0x20008bdc</load_address>
         <run_address>0x20008bdc</run_address>
         <size>0x14</size>
         <input_file_ref idref="fl-d4"/>
      </object_component>
      <object_component id="oc-34e">
         <name>.text:wcslen</name>
         <load_address>0x20008bf0</load_address>
         <run_address>0x20008bf0</run_address>
         <size>0x12</size>
         <input_file_ref idref="fl-ed"/>
      </object_component>
      <object_component id="oc-18">
         <name>.text:decompress:none:__TI_decompress_none</name>
         <load_address>0x20008c02</load_address>
         <run_address>0x20008c02</run_address>
         <size>0xe</size>
         <input_file_ref idref="fl-d0"/>
      </object_component>
      <object_component id="oc-26">
         <name>.text</name>
         <load_address>0x20008c10</load_address>
         <run_address>0x20008c10</run_address>
         <size>0xe</size>
         <input_file_ref idref="fl-6"/>
      </object_component>
      <object_component id="oc-42a">
         <name>.text:copysign</name>
         <load_address>0x20008c1e</load_address>
         <run_address>0x20008c1e</run_address>
         <size>0xc</size>
         <input_file_ref idref="fl-ee"/>
      </object_component>
      <object_component id="oc-10a">
         <name>.text:IntMasterEnable</name>
         <load_address>0x20008c2a</load_address>
         <run_address>0x20008c2a</run_address>
         <size>0xa</size>
         <input_file_ref idref="fl-f"/>
      </object_component>
      <object_component id="oc-354">
         <name>.text:__aeabi_errno_addr</name>
         <load_address>0x20008c34</load_address>
         <run_address>0x20008c34</run_address>
         <size>0x8</size>
         <input_file_ref idref="fl-ec"/>
      </object_component>
      <object_component id="oc-1a4">
         <name>.text:malloc</name>
         <load_address>0x20008c3c</load_address>
         <run_address>0x20008c3c</run_address>
         <size>0x8</size>
         <input_file_ref idref="fl-d3"/>
      </object_component>
      <object_component id="oc-2df">
         <name>.text:UtilsDelay</name>
         <load_address>0x20008c44</load_address>
         <run_address>0x20008c44</run_address>
         <size>0x6</size>
         <input_file_ref idref="fl-14"/>
      </object_component>
      <object_component id="oc-8e">
         <name>.text:_system_pre_init</name>
         <load_address>0x20008c4a</load_address>
         <run_address>0x20008c4a</run_address>
         <size>0x4</size>
         <input_file_ref idref="fl-e2"/>
      </object_component>
      <object_component id="oc-138">
         <name>.text:abort:abort</name>
         <load_address>0x20008c4e</load_address>
         <run_address>0x20008c4e</run_address>
         <size>0x4</size>
         <input_file_ref idref="fl-e4"/>
      </object_component>
      <object_component id="oc-2d2">
         <name>.const:.string:font</name>
         <load_address>0x20008c54</load_address>
         <run_address>0x20008c54</run_address>
         <size>0x4fb</size>
         <input_file_ref idref="fl-2"/>
      </object_component>
      <object_component id="oc-390">
         <name>.const:.string:_ctypes_</name>
         <load_address>0x2000914f</load_address>
         <run_address>0x2000914f</run_address>
         <size>0x101</size>
         <input_file_ref idref="fl-e8"/>
      </object_component>
      <object_component id="oc-2e3">
         <name>.const:g_ulPinToPadMap</name>
         <load_address>0x20009250</load_address>
         <run_address>0x20009250</run_address>
         <size>0x100</size>
         <input_file_ref idref="fl-10"/>
      </object_component>
      <object_component id="oc-240">
         <name>.const:PRCM_PeriphRegsList</name>
         <load_address>0x20009350</load_address>
         <run_address>0x20009350</run_address>
         <size>0xa8</size>
         <input_file_ref idref="fl-11"/>
      </object_component>
      <object_component id="oc-204">
         <name>.const:g_pulEnRegs</name>
         <load_address>0x200093f8</load_address>
         <run_address>0x200093f8</run_address>
         <size>0x18</size>
         <input_file_ref idref="fl-f"/>
      </object_component>
      <object_component id="oc-480">
         <name>.cinit..data.load</name>
         <load_address>0x20009410</load_address>
         <run_address>0x20009410</run_address>
         <size>0x20</size>
      </object_component>
      <object_component id="oc-47e">
         <name>__TI_handler_table</name>
         <load_address>0x20009430</load_address>
         <run_address>0x20009430</run_address>
         <size>0xc</size>
      </object_component>
      <object_component id="oc-481">
         <name>.cinit..bss.load</name>
         <load_address>0x20009440</load_address>
         <run_address>0x20009440</run_address>
         <size>0x8</size>
      </object_component>
      <object_component id="oc-47f">
         <name>__TI_cinit_table</name>
         <load_address>0x20009448</load_address>
         <run_address>0x20009448</run_address>
         <size>0x10</size>
      </object_component>
      <object_component id="oc-2d5">
         <name>.data</name>
         <load_address>0x200178d0</load_address>
         <run_address>0x200178d0</run_address>
         <size>0x15</size>
         <input_file_ref idref="fl-2"/>
      </object_component>
      <object_component id="oc-36e">
         <name>.data:$O1$$</name>
         <load_address>0x200178f0</load_address>
         <run_address>0x200178f0</run_address>
         <size>0x8</size>
         <input_file_ref idref="fl-d3"/>
      </object_component>
      <object_component id="oc-251">
         <name>.data:$O1$$</name>
         <load_address>0x200178e8</load_address>
         <run_address>0x200178e8</run_address>
         <size>0x8</size>
         <input_file_ref idref="fl-e5"/>
      </object_component>
      <object_component id="oc-3f7">
         <name>.data</name>
         <load_address>0x200178f8</load_address>
         <run_address>0x200178f8</run_address>
         <size>0x4</size>
         <input_file_ref idref="fl-ec"/>
      </object_component>
      <object_component id="oc-12e">
         <name>.bss:g_ucTxBuff</name>
         <uninitialized>true</uninitialized>
         <run_address>0x20017864</run_address>
         <size>0x64</size>
         <input_file_ref idref="fl-4"/>
      </object_component>
      <object_component id="oc-134">
         <name>.bss:g_ucRxBuff</name>
         <uninitialized>true</uninitialized>
         <run_address>0x20017800</run_address>
         <size>0x64</size>
         <input_file_ref idref="fl-4"/>
      </object_component>
      <object_component id="oc-131">
         <name>.bss</name>
         <uninitialized>true</uninitialized>
         <run_address>0x200178cc</run_address>
         <size>0x2</size>
         <input_file_ref idref="fl-4"/>
      </object_component>
      <object_component id="oc-1b6">
         <name>.bss</name>
         <uninitialized>true</uninitialized>
         <run_address>0x200178c8</run_address>
         <size>0x4</size>
         <input_file_ref idref="fl-8"/>
      </object_component>
      <object_component id="oc-20">
         <name>.sysmem</name>
         <uninitialized>true</uninitialized>
         <run_address>0x20017000</run_address>
         <size>0x10</size>
         <input_file_ref idref="fl-d3"/>
      </object_component>
      <object_component id="oc-483">
         <name>.sysmem</name>
         <uninitialized>true</uninitialized>
         <run_address>0x20017000</run_address>
         <size>0x0</size>
      </object_component>
      <object_component id="oc-23">
         <name>.stack</name>
         <uninitialized>true</uninitialized>
         <run_address>0x2002f800</run_address>
         <size>0x4</size>
         <input_file_ref idref="fl-d5"/>
      </object_component>
      <object_component id="oc-482">
         <name>.stack</name>
         <uninitialized>true</uninitialized>
         <run_address>0x2002f800</run_address>
         <size>0x0</size>
      </object_component>
      <object_component id="oc-2d9">
         <name>.debug_info</name>
         <load_address>0x0</load_address>
         <run_address>0x0</run_address>
         <size>0x223</size>
         <input_file_ref idref="fl-2"/>
      </object_component>
      <object_component id="oc-2d3">
         <name>.debug_info</name>
         <load_address>0x223</load_address>
         <run_address>0x223</run_address>
         <size>0xd5</size>
         <input_file_ref idref="fl-2"/>
      </object_component>
      <object_component id="oc-2d6">
         <name>.debug_info</name>
         <load_address>0x2f8</load_address>
         <run_address>0x2f8</run_address>
         <size>0x183</size>
         <input_file_ref idref="fl-2"/>
      </object_component>
      <object_component id="oc-1f0">
         <name>.debug_info</name>
         <load_address>0x47b</load_address>
         <run_address>0x47b</run_address>
         <size>0x1541</size>
         <input_file_ref idref="fl-2"/>
      </object_component>
      <object_component id="oc-35">
         <name>.debug_info</name>
         <load_address>0x19bc</load_address>
         <run_address>0x19bc</run_address>
         <size>0x84</size>
         <input_file_ref idref="fl-2"/>
      </object_component>
      <object_component id="oc-1ee">
         <name>.debug_info</name>
         <load_address>0x1a40</load_address>
         <run_address>0x1a40</run_address>
         <size>0x1cc</size>
         <input_file_ref idref="fl-3"/>
      </object_component>
      <object_component id="oc-f4">
         <name>.debug_info</name>
         <load_address>0x1c0c</load_address>
         <run_address>0x1c0c</run_address>
         <size>0xda5</size>
         <input_file_ref idref="fl-3"/>
      </object_component>
      <object_component id="oc-2f5">
         <name>.debug_info</name>
         <load_address>0x29b1</load_address>
         <run_address>0x29b1</run_address>
         <size>0x62</size>
         <input_file_ref idref="fl-3"/>
      </object_component>
      <object_component id="oc-1ff">
         <name>.debug_info</name>
         <load_address>0x2a13</load_address>
         <run_address>0x2a13</run_address>
         <size>0x2c</size>
         <input_file_ref idref="fl-3"/>
      </object_component>
      <object_component id="oc-b9">
         <name>.debug_info</name>
         <load_address>0x2a3f</load_address>
         <run_address>0x2a3f</run_address>
         <size>0x2c</size>
         <input_file_ref idref="fl-3"/>
      </object_component>
      <object_component id="oc-248">
         <name>.debug_info</name>
         <load_address>0x2a6b</load_address>
         <run_address>0x2a6b</run_address>
         <size>0x51c</size>
         <input_file_ref idref="fl-4"/>
      </object_component>
      <object_component id="oc-12f">
         <name>.debug_info</name>
         <load_address>0x2f87</load_address>
         <run_address>0x2f87</run_address>
         <size>0xd9</size>
         <input_file_ref idref="fl-4"/>
      </object_component>
      <object_component id="oc-135">
         <name>.debug_info</name>
         <load_address>0x3060</load_address>
         <run_address>0x3060</run_address>
         <size>0xd9</size>
         <input_file_ref idref="fl-4"/>
      </object_component>
      <object_component id="oc-132">
         <name>.debug_info</name>
         <load_address>0x3139</load_address>
         <run_address>0x3139</run_address>
         <size>0x101</size>
         <input_file_ref idref="fl-4"/>
      </object_component>
      <object_component id="oc-97">
         <name>.debug_info</name>
         <load_address>0x323a</load_address>
         <run_address>0x323a</run_address>
         <size>0x3d7</size>
         <input_file_ref idref="fl-4"/>
      </object_component>
      <object_component id="oc-11e">
         <name>.debug_info</name>
         <load_address>0x3611</load_address>
         <run_address>0x3611</run_address>
         <size>0x424</size>
         <input_file_ref idref="fl-5"/>
      </object_component>
      <object_component id="oc-2e">
         <name>.debug_info</name>
         <load_address>0x3a35</load_address>
         <run_address>0x3a35</run_address>
         <size>0x1a4</size>
         <input_file_ref idref="fl-6"/>
      </object_component>
      <object_component id="oc-10">
         <name>.debug_info</name>
         <load_address>0x3bd9</load_address>
         <run_address>0x3bd9</run_address>
         <size>0x123</size>
         <input_file_ref idref="fl-6"/>
      </object_component>
      <object_component id="oc-2a">
         <name>.debug_info</name>
         <load_address>0x3cfc</load_address>
         <run_address>0x3cfc</run_address>
         <size>0x4ee</size>
         <input_file_ref idref="fl-6"/>
      </object_component>
      <object_component id="oc-fc">
         <name>.debug_info</name>
         <load_address>0x41ea</load_address>
         <run_address>0x41ea</run_address>
         <size>0xd9f</size>
         <input_file_ref idref="fl-7"/>
      </object_component>
      <object_component id="oc-1ba">
         <name>.debug_info</name>
         <load_address>0x4f89</load_address>
         <run_address>0x4f89</run_address>
         <size>0x3ab</size>
         <input_file_ref idref="fl-8"/>
      </object_component>
      <object_component id="oc-1b7">
         <name>.debug_info</name>
         <load_address>0x5334</load_address>
         <run_address>0x5334</run_address>
         <size>0xdc</size>
         <input_file_ref idref="fl-8"/>
      </object_component>
      <object_component id="oc-db">
         <name>.debug_info</name>
         <load_address>0x5410</load_address>
         <run_address>0x5410</run_address>
         <size>0x642</size>
         <input_file_ref idref="fl-8"/>
      </object_component>
      <object_component id="oc-2be">
         <name>.debug_info</name>
         <load_address>0x5a52</load_address>
         <run_address>0x5a52</run_address>
         <size>0x26b</size>
         <input_file_ref idref="fl-8"/>
      </object_component>
      <object_component id="oc-1c0">
         <name>.debug_info</name>
         <load_address>0x5cbd</load_address>
         <run_address>0x5cbd</run_address>
         <size>0x110</size>
         <input_file_ref idref="fl-8"/>
      </object_component>
      <object_component id="oc-2c3">
         <name>.debug_info</name>
         <load_address>0x5dcd</load_address>
         <run_address>0x5dcd</run_address>
         <size>0x297</size>
         <input_file_ref idref="fl-8"/>
      </object_component>
      <object_component id="oc-1bb">
         <name>.debug_info</name>
         <load_address>0x6064</load_address>
         <run_address>0x6064</run_address>
         <size>0x2c</size>
         <input_file_ref idref="fl-8"/>
      </object_component>
      <object_component id="oc-231">
         <name>.debug_info</name>
         <load_address>0x6090</load_address>
         <run_address>0x6090</run_address>
         <size>0x1dd</size>
         <input_file_ref idref="fl-e"/>
      </object_component>
      <object_component id="oc-1e9">
         <name>.debug_info</name>
         <load_address>0x626d</load_address>
         <run_address>0x626d</run_address>
         <size>0x1d4</size>
         <input_file_ref idref="fl-e"/>
      </object_component>
      <object_component id="oc-2dd">
         <name>.debug_info</name>
         <load_address>0x6441</load_address>
         <run_address>0x6441</run_address>
         <size>0x201</size>
         <input_file_ref idref="fl-f"/>
      </object_component>
      <object_component id="oc-205">
         <name>.debug_info</name>
         <load_address>0x6642</load_address>
         <run_address>0x6642</run_address>
         <size>0xf4</size>
         <input_file_ref idref="fl-f"/>
      </object_component>
      <object_component id="oc-10c">
         <name>.debug_info</name>
         <load_address>0x6736</load_address>
         <run_address>0x6736</run_address>
         <size>0x17c</size>
         <input_file_ref idref="fl-f"/>
      </object_component>
      <object_component id="oc-107">
         <name>.debug_info</name>
         <load_address>0x68b2</load_address>
         <run_address>0x68b2</run_address>
         <size>0x1ae</size>
         <input_file_ref idref="fl-f"/>
      </object_component>
      <object_component id="oc-114">
         <name>.debug_info</name>
         <load_address>0x6a60</load_address>
         <run_address>0x6a60</run_address>
         <size>0x19f</size>
         <input_file_ref idref="fl-f"/>
      </object_component>
      <object_component id="oc-37f">
         <name>.debug_info</name>
         <load_address>0x6bff</load_address>
         <run_address>0x6bff</run_address>
         <size>0x14e</size>
         <input_file_ref idref="fl-10"/>
      </object_component>
      <object_component id="oc-2e4">
         <name>.debug_info</name>
         <load_address>0x6d4d</load_address>
         <run_address>0x6d4d</run_address>
         <size>0xf6</size>
         <input_file_ref idref="fl-10"/>
      </object_component>
      <object_component id="oc-223">
         <name>.debug_info</name>
         <load_address>0x6e43</load_address>
         <run_address>0x6e43</run_address>
         <size>0x1bf</size>
         <input_file_ref idref="fl-10"/>
      </object_component>
      <object_component id="oc-2e8">
         <name>.debug_info</name>
         <load_address>0x7002</load_address>
         <run_address>0x7002</run_address>
         <size>0x20d</size>
         <input_file_ref idref="fl-10"/>
      </object_component>
      <object_component id="oc-23b">
         <name>.debug_info</name>
         <load_address>0x720f</load_address>
         <run_address>0x720f</run_address>
         <size>0x1d4</size>
         <input_file_ref idref="fl-10"/>
      </object_component>
      <object_component id="oc-234">
         <name>.debug_info</name>
         <load_address>0x73e3</load_address>
         <run_address>0x73e3</run_address>
         <size>0x1d2</size>
         <input_file_ref idref="fl-10"/>
      </object_component>
      <object_component id="oc-228">
         <name>.debug_info</name>
         <load_address>0x75b5</load_address>
         <run_address>0x75b5</run_address>
         <size>0x222</size>
         <input_file_ref idref="fl-10"/>
      </object_component>
      <object_component id="oc-245">
         <name>.debug_info</name>
         <load_address>0x77d7</load_address>
         <run_address>0x77d7</run_address>
         <size>0x25e</size>
         <input_file_ref idref="fl-11"/>
      </object_component>
      <object_component id="oc-241">
         <name>.debug_info</name>
         <load_address>0x7a35</load_address>
         <run_address>0x7a35</run_address>
         <size>0xff</size>
         <input_file_ref idref="fl-11"/>
      </object_component>
      <object_component id="oc-20a">
         <name>.debug_info</name>
         <load_address>0x7b34</load_address>
         <run_address>0x7b34</run_address>
         <size>0x1a6</size>
         <input_file_ref idref="fl-11"/>
      </object_component>
      <object_component id="oc-124">
         <name>.debug_info</name>
         <load_address>0x7cda</load_address>
         <run_address>0x7cda</run_address>
         <size>0x1eb</size>
         <input_file_ref idref="fl-11"/>
      </object_component>
      <object_component id="oc-21c">
         <name>.debug_info</name>
         <load_address>0x7ec5</load_address>
         <run_address>0x7ec5</run_address>
         <size>0x1ed</size>
         <input_file_ref idref="fl-11"/>
      </object_component>
      <object_component id="oc-ca">
         <name>.debug_info</name>
         <load_address>0x80b2</load_address>
         <run_address>0x80b2</run_address>
         <size>0x216</size>
         <input_file_ref idref="fl-11"/>
      </object_component>
      <object_component id="oc-12a">
         <name>.debug_info</name>
         <load_address>0x82c8</load_address>
         <run_address>0x82c8</run_address>
         <size>0x1c0</size>
         <input_file_ref idref="fl-11"/>
      </object_component>
      <object_component id="oc-117">
         <name>.debug_info</name>
         <load_address>0x8488</load_address>
         <run_address>0x8488</run_address>
         <size>0x283</size>
         <input_file_ref idref="fl-11"/>
      </object_component>
      <object_component id="oc-20f">
         <name>.debug_info</name>
         <load_address>0x870b</load_address>
         <run_address>0x870b</run_address>
         <size>0x1bf</size>
         <input_file_ref idref="fl-11"/>
      </object_component>
      <object_component id="oc-215">
         <name>.debug_info</name>
         <load_address>0x88ca</load_address>
         <run_address>0x88ca</run_address>
         <size>0x1d4</size>
         <input_file_ref idref="fl-11"/>
      </object_component>
      <object_component id="oc-1d9">
         <name>.debug_info</name>
         <load_address>0x8a9e</load_address>
         <run_address>0x8a9e</run_address>
         <size>0x232</size>
         <input_file_ref idref="fl-12"/>
      </object_component>
      <object_component id="oc-1c8">
         <name>.debug_info</name>
         <load_address>0x8cd0</load_address>
         <run_address>0x8cd0</run_address>
         <size>0x2dc</size>
         <input_file_ref idref="fl-12"/>
      </object_component>
      <object_component id="oc-1cf">
         <name>.debug_info</name>
         <load_address>0x8fac</load_address>
         <run_address>0x8fac</run_address>
         <size>0x2df</size>
         <input_file_ref idref="fl-12"/>
      </object_component>
      <object_component id="oc-1d4">
         <name>.debug_info</name>
         <load_address>0x928b</load_address>
         <run_address>0x928b</run_address>
         <size>0x2e1</size>
         <input_file_ref idref="fl-12"/>
      </object_component>
      <object_component id="oc-d6">
         <name>.debug_info</name>
         <load_address>0x956c</load_address>
         <run_address>0x956c</run_address>
         <size>0x179</size>
         <input_file_ref idref="fl-12"/>
      </object_component>
      <object_component id="oc-c5">
         <name>.debug_info</name>
         <load_address>0x96e5</load_address>
         <run_address>0x96e5</run_address>
         <size>0x177</size>
         <input_file_ref idref="fl-12"/>
      </object_component>
      <object_component id="oc-d1">
         <name>.debug_info</name>
         <load_address>0x985c</load_address>
         <run_address>0x985c</run_address>
         <size>0x28e</size>
         <input_file_ref idref="fl-12"/>
      </object_component>
      <object_component id="oc-1e4">
         <name>.debug_info</name>
         <load_address>0x9aea</load_address>
         <run_address>0x9aea</run_address>
         <size>0x1aa</size>
         <input_file_ref idref="fl-12"/>
      </object_component>
      <object_component id="oc-1de">
         <name>.debug_info</name>
         <load_address>0x9c94</load_address>
         <run_address>0x9c94</run_address>
         <size>0x1a6</size>
         <input_file_ref idref="fl-12"/>
      </object_component>
      <object_component id="oc-ee">
         <name>.debug_info</name>
         <load_address>0x9e3a</load_address>
         <run_address>0x9e3a</run_address>
         <size>0x17d</size>
         <input_file_ref idref="fl-12"/>
      </object_component>
      <object_component id="oc-100">
         <name>.debug_info</name>
         <load_address>0x9fb7</load_address>
         <run_address>0x9fb7</run_address>
         <size>0x17f</size>
         <input_file_ref idref="fl-12"/>
      </object_component>
      <object_component id="oc-e8">
         <name>.debug_info</name>
         <load_address>0xa136</load_address>
         <run_address>0xa136</run_address>
         <size>0x289</size>
         <input_file_ref idref="fl-12"/>
      </object_component>
      <object_component id="oc-17c">
         <name>.debug_info</name>
         <load_address>0xa3bf</load_address>
         <run_address>0xa3bf</run_address>
         <size>0x25c</size>
         <input_file_ref idref="fl-13"/>
      </object_component>
      <object_component id="oc-274">
         <name>.debug_info</name>
         <load_address>0xa61b</load_address>
         <run_address>0xa61b</run_address>
         <size>0x17e</size>
         <input_file_ref idref="fl-13"/>
      </object_component>
      <object_component id="oc-26e">
         <name>.debug_info</name>
         <load_address>0xa799</load_address>
         <run_address>0xa799</run_address>
         <size>0x180</size>
         <input_file_ref idref="fl-13"/>
      </object_component>
      <object_component id="oc-18e">
         <name>.debug_info</name>
         <load_address>0xa919</load_address>
         <run_address>0xa919</run_address>
         <size>0x18a</size>
         <input_file_ref idref="fl-13"/>
      </object_component>
      <object_component id="oc-193">
         <name>.debug_info</name>
         <load_address>0xaaa3</load_address>
         <run_address>0xaaa3</run_address>
         <size>0x19a</size>
         <input_file_ref idref="fl-13"/>
      </object_component>
      <object_component id="oc-e1">
         <name>.debug_info</name>
         <load_address>0xac3d</load_address>
         <run_address>0xac3d</run_address>
         <size>0x184</size>
         <input_file_ref idref="fl-13"/>
      </object_component>
      <object_component id="oc-181">
         <name>.debug_info</name>
         <load_address>0xadc1</load_address>
         <run_address>0xadc1</run_address>
         <size>0x1ab</size>
         <input_file_ref idref="fl-13"/>
      </object_component>
      <object_component id="oc-1fb">
         <name>.debug_info</name>
         <load_address>0xaf6c</load_address>
         <run_address>0xaf6c</run_address>
         <size>0x14e</size>
         <input_file_ref idref="fl-15"/>
      </object_component>
      <object_component id="oc-28e">
         <name>.debug_info</name>
         <load_address>0xb0ba</load_address>
         <run_address>0xb0ba</run_address>
         <size>0x213</size>
         <input_file_ref idref="fl-cc"/>
      </object_component>
      <object_component id="oc-18a">
         <name>.debug_info</name>
         <load_address>0xb2cd</load_address>
         <run_address>0xb2cd</run_address>
         <size>0x209</size>
         <input_file_ref idref="fl-cc"/>
      </object_component>
      <object_component id="oc-285">
         <name>.debug_info</name>
         <load_address>0xb4d6</load_address>
         <run_address>0xb4d6</run_address>
         <size>0x1c7</size>
         <input_file_ref idref="fl-cc"/>
      </object_component>
      <object_component id="oc-289">
         <name>.debug_info</name>
         <load_address>0xb69d</load_address>
         <run_address>0xb69d</run_address>
         <size>0x17a</size>
         <input_file_ref idref="fl-cc"/>
      </object_component>
      <object_component id="oc-28f">
         <name>.debug_info</name>
         <load_address>0xb817</load_address>
         <run_address>0xb817</run_address>
         <size>0x2c</size>
         <input_file_ref idref="fl-cc"/>
      </object_component>
      <object_component id="oc-294">
         <name>.debug_info</name>
         <load_address>0xb843</load_address>
         <run_address>0xb843</run_address>
         <size>0x69</size>
         <input_file_ref idref="fl-cc"/>
      </object_component>
      <object_component id="oc-396">
         <name>.debug_info</name>
         <load_address>0xb8ac</load_address>
         <run_address>0xb8ac</run_address>
         <size>0x135</size>
         <input_file_ref idref="fl-cd"/>
      </object_component>
      <object_component id="oc-3d">
         <name>.debug_info</name>
         <load_address>0xb9e1</load_address>
         <run_address>0xb9e1</run_address>
         <size>0x11a</size>
         <input_file_ref idref="fl-ce"/>
      </object_component>
      <object_component id="oc-87">
         <name>.debug_info</name>
         <load_address>0xbafb</load_address>
         <run_address>0xbafb</run_address>
         <size>0x1a7</size>
         <input_file_ref idref="fl-cf"/>
      </object_component>
      <object_component id="oc-47">
         <name>.debug_info</name>
         <load_address>0xbca2</load_address>
         <run_address>0xbca2</run_address>
         <size>0x1d3</size>
         <input_file_ref idref="fl-cf"/>
      </object_component>
      <object_component id="oc-82">
         <name>.debug_info</name>
         <load_address>0xbe75</load_address>
         <run_address>0xbe75</run_address>
         <size>0x46</size>
         <input_file_ref idref="fl-cf"/>
      </object_component>
      <object_component id="oc-45">
         <name>.debug_info</name>
         <load_address>0xbebb</load_address>
         <run_address>0xbebb</run_address>
         <size>0x17b</size>
         <input_file_ref idref="fl-d0"/>
      </object_component>
      <object_component id="oc-19">
         <name>.debug_info</name>
         <load_address>0xc036</load_address>
         <run_address>0xc036</run_address>
         <size>0x1eb</size>
         <input_file_ref idref="fl-d0"/>
      </object_component>
      <object_component id="oc-40">
         <name>.debug_info</name>
         <load_address>0xc221</load_address>
         <run_address>0xc221</run_address>
         <size>0x46</size>
         <input_file_ref idref="fl-d0"/>
      </object_component>
      <object_component id="oc-7a">
         <name>.debug_info</name>
         <load_address>0xc267</load_address>
         <run_address>0xc267</run_address>
         <size>0x2c</size>
         <input_file_ref idref="fl-d0"/>
      </object_component>
      <object_component id="oc-78">
         <name>.debug_info</name>
         <load_address>0xc293</load_address>
         <run_address>0xc293</run_address>
         <size>0x171</size>
         <input_file_ref idref="fl-d1"/>
      </object_component>
      <object_component id="oc-15">
         <name>.debug_info</name>
         <load_address>0xc404</load_address>
         <run_address>0xc404</run_address>
         <size>0x251</size>
         <input_file_ref idref="fl-d1"/>
      </object_component>
      <object_component id="oc-30">
         <name>.debug_info</name>
         <load_address>0xc655</load_address>
         <run_address>0xc655</run_address>
         <size>0x60</size>
         <input_file_ref idref="fl-d1"/>
      </object_component>
      <object_component id="oc-b2">
         <name>.debug_info</name>
         <load_address>0xc6b5</load_address>
         <run_address>0xc6b5</run_address>
         <size>0x46</size>
         <input_file_ref idref="fl-d1"/>
      </object_component>
      <object_component id="oc-73">
         <name>.debug_info</name>
         <load_address>0xc6fb</load_address>
         <run_address>0xc6fb</run_address>
         <size>0x39</size>
         <input_file_ref idref="fl-d1"/>
      </object_component>
      <object_component id="oc-29e">
         <name>.debug_info</name>
         <load_address>0xc734</load_address>
         <run_address>0xc734</run_address>
         <size>0x178</size>
         <input_file_ref idref="fl-d2"/>
      </object_component>
      <object_component id="oc-19f">
         <name>.debug_info</name>
         <load_address>0xc8ac</load_address>
         <run_address>0xc8ac</run_address>
         <size>0x1b7</size>
         <input_file_ref idref="fl-d2"/>
      </object_component>
      <object_component id="oc-6c">
         <name>.debug_info</name>
         <load_address>0xca63</load_address>
         <run_address>0xca63</run_address>
         <size>0x285</size>
         <input_file_ref idref="fl-d3"/>
      </object_component>
      <object_component id="oc-21">
         <name>.debug_info</name>
         <load_address>0xcce8</load_address>
         <run_address>0xcce8</run_address>
         <size>0x10d</size>
         <input_file_ref idref="fl-d3"/>
      </object_component>
      <object_component id="oc-36f">
         <name>.debug_info</name>
         <load_address>0xcdf5</load_address>
         <run_address>0xcdf5</run_address>
         <size>0x140</size>
         <input_file_ref idref="fl-d3"/>
      </object_component>
      <object_component id="oc-1a5">
         <name>.debug_info</name>
         <load_address>0xcf35</load_address>
         <run_address>0xcf35</run_address>
         <size>0x169</size>
         <input_file_ref idref="fl-d3"/>
      </object_component>
      <object_component id="oc-2a8">
         <name>.debug_info</name>
         <load_address>0xd09e</load_address>
         <run_address>0xd09e</run_address>
         <size>0x18f</size>
         <input_file_ref idref="fl-d3"/>
      </object_component>
      <object_component id="oc-2b4">
         <name>.debug_info</name>
         <load_address>0xd22d</load_address>
         <run_address>0xd22d</run_address>
         <size>0x1a0</size>
         <input_file_ref idref="fl-d3"/>
      </object_component>
      <object_component id="oc-1b1">
         <name>.debug_info</name>
         <load_address>0xd3cd</load_address>
         <run_address>0xd3cd</run_address>
         <size>0x204</size>
         <input_file_ref idref="fl-d3"/>
      </object_component>
      <object_component id="oc-2af">
         <name>.debug_info</name>
         <load_address>0xd5d1</load_address>
         <run_address>0xd5d1</run_address>
         <size>0x1dc</size>
         <input_file_ref idref="fl-d3"/>
      </object_component>
      <object_component id="oc-1ac">
         <name>.debug_info</name>
         <load_address>0xd7ad</load_address>
         <run_address>0xd7ad</run_address>
         <size>0x26f</size>
         <input_file_ref idref="fl-d3"/>
      </object_component>
      <object_component id="oc-2a2">
         <name>.debug_info</name>
         <load_address>0xda1c</load_address>
         <run_address>0xda1c</run_address>
         <size>0x29a</size>
         <input_file_ref idref="fl-d3"/>
      </object_component>
      <object_component id="oc-ad">
         <name>.debug_info</name>
         <load_address>0xdcb6</load_address>
         <run_address>0xdcb6</run_address>
         <size>0xb2</size>
         <input_file_ref idref="fl-d3"/>
      </object_component>
      <object_component id="oc-a8">
         <name>.debug_info</name>
         <load_address>0xdd68</load_address>
         <run_address>0xdd68</run_address>
         <size>0x2c</size>
         <input_file_ref idref="fl-d3"/>
      </object_component>
      <object_component id="oc-29c">
         <name>.debug_info</name>
         <load_address>0xdd94</load_address>
         <run_address>0xdd94</run_address>
         <size>0x162</size>
         <input_file_ref idref="fl-d4"/>
      </object_component>
      <object_component id="oc-19b">
         <name>.debug_info</name>
         <load_address>0xdef6</load_address>
         <run_address>0xdef6</run_address>
         <size>0x246</size>
         <input_file_ref idref="fl-d4"/>
      </object_component>
      <object_component id="oc-24">
         <name>.debug_info</name>
         <load_address>0xe13c</load_address>
         <run_address>0xe13c</run_address>
         <size>0x10c</size>
         <input_file_ref idref="fl-d5"/>
      </object_component>
      <object_component id="oc-59">
         <name>.debug_info</name>
         <load_address>0xe248</load_address>
         <run_address>0xe248</run_address>
         <size>0x1aa</size>
         <input_file_ref idref="fl-d5"/>
      </object_component>
      <object_component id="oc-35b">
         <name>.debug_info</name>
         <load_address>0xe3f2</load_address>
         <run_address>0xe3f2</run_address>
         <size>0x44e</size>
         <input_file_ref idref="fl-d6"/>
      </object_component>
      <object_component id="oc-328">
         <name>.debug_info</name>
         <load_address>0xe840</load_address>
         <run_address>0xe840</run_address>
         <size>0x21f</size>
         <input_file_ref idref="fl-d6"/>
      </object_component>
      <object_component id="oc-3c3">
         <name>.debug_info</name>
         <load_address>0xea5f</load_address>
         <run_address>0xea5f</run_address>
         <size>0x1b4</size>
         <input_file_ref idref="fl-d6"/>
      </object_component>
      <object_component id="oc-3c9">
         <name>.debug_info</name>
         <load_address>0xec13</load_address>
         <run_address>0xec13</run_address>
         <size>0x21c</size>
         <input_file_ref idref="fl-d6"/>
      </object_component>
      <object_component id="oc-333">
         <name>.debug_info</name>
         <load_address>0xee2f</load_address>
         <run_address>0xee2f</run_address>
         <size>0x3bb</size>
         <input_file_ref idref="fl-d6"/>
      </object_component>
      <object_component id="oc-3d0">
         <name>.debug_info</name>
         <load_address>0xf1ea</load_address>
         <run_address>0xf1ea</run_address>
         <size>0x307</size>
         <input_file_ref idref="fl-d6"/>
      </object_component>
      <object_component id="oc-3d6">
         <name>.debug_info</name>
         <load_address>0xf4f1</load_address>
         <run_address>0xf4f1</run_address>
         <size>0x216</size>
         <input_file_ref idref="fl-d6"/>
      </object_component>
      <object_component id="oc-339">
         <name>.debug_info</name>
         <load_address>0xf707</load_address>
         <run_address>0xf707</run_address>
         <size>0x229</size>
         <input_file_ref idref="fl-d6"/>
      </object_component>
      <object_component id="oc-33f">
         <name>.debug_info</name>
         <load_address>0xf930</load_address>
         <run_address>0xf930</run_address>
         <size>0x304</size>
         <input_file_ref idref="fl-d6"/>
      </object_component>
      <object_component id="oc-345">
         <name>.debug_info</name>
         <load_address>0xfc34</load_address>
         <run_address>0xfc34</run_address>
         <size>0x4b0</size>
         <input_file_ref idref="fl-d6"/>
      </object_component>
      <object_component id="oc-27e">
         <name>.debug_info</name>
         <load_address>0x100e4</load_address>
         <run_address>0x100e4</run_address>
         <size>0x5f5</size>
         <input_file_ref idref="fl-d6"/>
      </object_component>
      <object_component id="oc-35c">
         <name>.debug_info</name>
         <load_address>0x106d9</load_address>
         <run_address>0x106d9</run_address>
         <size>0x86</size>
         <input_file_ref idref="fl-d6"/>
      </object_component>
      <object_component id="oc-3fe">
         <name>.debug_info</name>
         <load_address>0x1075f</load_address>
         <run_address>0x1075f</run_address>
         <size>0x39</size>
         <input_file_ref idref="fl-d6"/>
      </object_component>
      <object_component id="oc-441">
         <name>.debug_info</name>
         <load_address>0x10798</load_address>
         <run_address>0x10798</run_address>
         <size>0xb6</size>
         <input_file_ref idref="fl-d6"/>
      </object_component>
      <object_component id="oc-403">
         <name>.debug_info</name>
         <load_address>0x1084e</load_address>
         <run_address>0x1084e</run_address>
         <size>0x46</size>
         <input_file_ref idref="fl-d6"/>
      </object_component>
      <object_component id="oc-361">
         <name>.debug_info</name>
         <load_address>0x10894</load_address>
         <run_address>0x10894</run_address>
         <size>0x46</size>
         <input_file_ref idref="fl-d6"/>
      </object_component>
      <object_component id="oc-424">
         <name>.debug_info</name>
         <load_address>0x108da</load_address>
         <run_address>0x108da</run_address>
         <size>0x168</size>
         <input_file_ref idref="fl-d7"/>
      </object_component>
      <object_component id="oc-3dd">
         <name>.debug_info</name>
         <load_address>0x10a42</load_address>
         <run_address>0x10a42</run_address>
         <size>0x195</size>
         <input_file_ref idref="fl-d7"/>
      </object_component>
      <object_component id="oc-44d">
         <name>.debug_info</name>
         <load_address>0x10bd7</load_address>
         <run_address>0x10bd7</run_address>
         <size>0x39</size>
         <input_file_ref idref="fl-d7"/>
      </object_component>
      <object_component id="oc-425">
         <name>.debug_info</name>
         <load_address>0x10c10</load_address>
         <run_address>0x10c10</run_address>
         <size>0x2c</size>
         <input_file_ref idref="fl-d7"/>
      </object_component>
      <object_component id="oc-431">
         <name>.debug_info</name>
         <load_address>0x10c3c</load_address>
         <run_address>0x10c3c</run_address>
         <size>0x1cb</size>
         <input_file_ref idref="fl-d8"/>
      </object_component>
      <object_component id="oc-3e2">
         <name>.debug_info</name>
         <load_address>0x10e07</load_address>
         <run_address>0x10e07</run_address>
         <size>0x1fc</size>
         <input_file_ref idref="fl-d8"/>
      </object_component>
      <object_component id="oc-413">
         <name>.debug_info</name>
         <load_address>0x11003</load_address>
         <run_address>0x11003</run_address>
         <size>0x116</size>
         <input_file_ref idref="fl-d9"/>
      </object_component>
      <object_component id="oc-8b">
         <name>.debug_info</name>
         <load_address>0x11119</load_address>
         <run_address>0x11119</run_address>
         <size>0x148</size>
         <input_file_ref idref="fl-da"/>
      </object_component>
      <object_component id="oc-3bc">
         <name>.debug_info</name>
         <load_address>0x11261</load_address>
         <run_address>0x11261</run_address>
         <size>0x14d</size>
         <input_file_ref idref="fl-db"/>
      </object_component>
      <object_component id="oc-32e">
         <name>.debug_info</name>
         <load_address>0x113ae</load_address>
         <run_address>0x113ae</run_address>
         <size>0x129</size>
         <input_file_ref idref="fl-dc"/>
      </object_component>
      <object_component id="oc-3a9">
         <name>.debug_info</name>
         <load_address>0x114d7</load_address>
         <run_address>0x114d7</run_address>
         <size>0x12b</size>
         <input_file_ref idref="fl-dc"/>
      </object_component>
      <object_component id="oc-3a3">
         <name>.debug_info</name>
         <load_address>0x11602</load_address>
         <run_address>0x11602</run_address>
         <size>0x13b</size>
         <input_file_ref idref="fl-dd"/>
      </object_component>
      <object_component id="oc-39e">
         <name>.debug_info</name>
         <load_address>0x1173d</load_address>
         <run_address>0x1173d</run_address>
         <size>0x13b</size>
         <input_file_ref idref="fl-de"/>
      </object_component>
      <object_component id="oc-3ad">
         <name>.debug_info</name>
         <load_address>0x11878</load_address>
         <run_address>0x11878</run_address>
         <size>0x12f</size>
         <input_file_ref idref="fl-df"/>
      </object_component>
      <object_component id="oc-3b9">
         <name>.debug_info</name>
         <load_address>0x119a7</load_address>
         <run_address>0x119a7</run_address>
         <size>0x12d</size>
         <input_file_ref idref="fl-e0"/>
      </object_component>
      <object_component id="oc-258">
         <name>.debug_info</name>
         <load_address>0x11ad4</load_address>
         <run_address>0x11ad4</run_address>
         <size>0x386</size>
         <input_file_ref idref="fl-e1"/>
      </object_component>
      <object_component id="oc-145">
         <name>.debug_info</name>
         <load_address>0x11e5a</load_address>
         <run_address>0x11e5a</run_address>
         <size>0x1a7</size>
         <input_file_ref idref="fl-e1"/>
      </object_component>
      <object_component id="oc-30c">
[...]
         <object_component_ref idref="oc-f2"/>
      </symbol>
      <symbol id="sm-fb">
         <name>fillRect</name>
         <value>0x200061e3</value>
         <object_component_ref idref="oc-f2"/>
      </symbol>
      <symbol id="sm-fc">
         <name>drawFastVLine</name>
         <value>0x20006295</value>
         <object_component_ref idref="oc-f2"/>
      </symbol>
      <symbol id="sm-fd">
         <name>invert</name>
         <value>0x2000640f</value>
         <object_component_ref idref="oc-f2"/>
      </symbol>
      <symbol id="sm-135">
         <name>MasterMain</name>
         <value>0x20006915</value>
         <object_component_ref idref="oc-94"/>
      </symbol>
      <symbol id="sm-136">
         <name>main</name>
         <value>0x200069c3</value>
         <object_component_ref idref="oc-94"/>
      </symbol>
      <symbol id="sm-144">
         <name>PinMuxConfig</name>
         <value>0x20007049</value>
         <object_component_ref idref="oc-11c"/>
      </symbol>
      <symbol id="sm-163">
         <name>ResetISR</name>
         <value>0x20008c11</value>
         <object_component_ref idref="oc-26"/>
      </symbol>
      <symbol id="sm-164">
         <name>g_pfnVectors</name>
         <value>0x20004000</value>
         <object_component_ref idref="oc-f"/>
      </symbol>
      <symbol id="sm-1b7">
         <name>testroundrects</name>
         <value>0x20005c01</value>
         <object_component_ref idref="oc-f8"/>
      </symbol>
      <symbol id="sm-1b8">
         <name>testdrawcircles</name>
         <value>0x20005b05</value>
         <object_component_ref idref="oc-f8"/>
      </symbol>
      <symbol id="sm-1b9">
         <name>testlines</name>
         <value>0x20005c73</value>
         <object_component_ref idref="oc-f8"/>
      </symbol>
      <symbol id="sm-1ba">
         <name>testfastlines</name>
         <value>0x20005903</value>
         <object_component_ref idref="oc-f8"/>
      </symbol>
      <symbol id="sm-1bb">
         <name>lcdTestPattern</name>
         <value>0x20005e41</value>
         <object_component_ref idref="oc-f8"/>
      </symbol>
      <symbol id="sm-1bc">
         <name>delay</name>
         <value>0x200058cf</value>
         <object_component_ref idref="oc-f8"/>
      </symbol>
      <symbol id="sm-1bd">
         <name>lcdTestPattern2</name>
         <value>0x20005f11</value>
         <object_component_ref idref="oc-f8"/>
      </symbol>
      <symbol id="sm-1be">
         <name>testtriangles</name>
         <value>0x20005b7f</value>
         <object_component_ref idref="oc-f8"/>
      </symbol>
      <symbol id="sm-1bf">
         <name>testfillrects</name>
         <value>0x200059d5</value>
         <object_component_ref idref="oc-f8"/>
      </symbol>
      <symbol id="sm-1c0">
         <name>testdrawrects</name>
         <value>0x20005975</value>
         <object_component_ref idref="oc-f8"/>
      </symbol>
      <symbol id="sm-1c1">
         <name>testfillcircles</name>
         <value>0x20005a93</value>
         <object_component_ref idref="oc-f8"/>
      </symbol>
      <symbol id="sm-212">
         <name>GetCmd</name>
         <value>0x200064af</value>
         <object_component_ref idref="oc-da"/>
      </symbol>
      <symbol id="sm-213">
         <name>Message</name>
         <value>0x2000644b</value>
         <object_component_ref idref="oc-da"/>
      </symbol>
      <symbol id="sm-214">
         <name>Report</name>
         <value>0x200065ed</value>
         <object_component_ref idref="oc-da"/>
      </symbol>
      <symbol id="sm-215">
         <name>Error</name>
         <value>0x20006477</value>
         <object_component_ref idref="oc-da"/>
      </symbol>
      <symbol id="sm-216">
         <name>InitTerm</name>
         <value>0x2000642d</value>
         <object_component_ref idref="oc-da"/>
      </symbol>
      <symbol id="sm-217">
         <name>ClearTerm</name>
         <value>0x2000646d</value>
         <object_component_ref idref="oc-da"/>
      </symbol>
      <symbol id="sm-218">
         <name>TrimSpace</name>
         <value>0x20006555</value>
         <object_component_ref idref="oc-da"/>
      </symbol>
      <symbol id="sm-22c">
         <name>GPIODirModeSet</name>
         <value>0x200087c1</value>
         <object_component_ref idref="oc-22d"/>
      </symbol>
      <symbol id="sm-22d">
         <name>GPIOPinWrite</name>
         <value>0x200089c3</value>
         <object_component_ref idref="oc-1e7"/>
      </symbol>
      <symbol id="sm-25c">
         <name>IntVTableBaseSet</name>
         <value>0x20008bc9</value>
         <object_component_ref idref="oc-104"/>
      </symbol>
      <symbol id="sm-25d">
         <name>IntEnable</name>
         <value>0x20007ccd</value>
         <object_component_ref idref="oc-110"/>
      </symbol>
      <symbol id="sm-25e">
         <name>IntMasterEnable</name>
         <value>0x20008c2b</value>
         <object_component_ref idref="oc-10a"/>
      </symbol>
      <symbol id="sm-29d">
         <name>PinTypeUART</name>
         <value>0x20008acb</value>
         <object_component_ref idref="oc-239"/>
      </symbol>
      <symbol id="sm-29e">
         <name>PinTypeGPIO</name>
         <value>0x200087f7</value>
         <object_component_ref idref="oc-227"/>
      </symbol>
      <symbol id="sm-29f">
         <name>PinConfigSet</name>
         <value>0x20007fdd</value>
         <object_component_ref idref="oc-2e7"/>
      </symbol>
      <symbol id="sm-2a0">
         <name>PinTypeSPI</name>
         <value>0x20008ab1</value>
         <object_component_ref idref="oc-233"/>
      </symbol>
      <symbol id="sm-2a1">
         <name>PinModeSet</name>
         <value>0x200086c5</value>
         <object_component_ref idref="oc-221"/>
      </symbol>
      <symbol id="sm-327">
         <name>PRCMPeripheralReset</name>
         <value>0x20008499</value>
         <object_component_ref idref="oc-128"/>
      </symbol>
      <symbol id="sm-328">
         <name>PRCMPeripheralClkEnable</name>
         <value>0x20008785</value>
         <object_component_ref idref="oc-122"/>
      </symbol>
      <symbol id="sm-329">
         <name>PRCMPeripheralClockGet</name>
         <value>0x20007f49</value>
         <object_component_ref idref="oc-c8"/>
      </symbol>
      <symbol id="sm-32a">
         <name>PRCMCC3200MCUInit</name>
         <value>0x20006ed1</value>
         <object_component_ref idref="oc-116"/>
      </symbol>
      <symbol id="sm-32b">
         <name>PRCMHIBRegWrite</name>
         <value>0x20008b73</value>
         <object_component_ref idref="oc-214"/>
      </symbol>
      <symbol id="sm-32c">
         <name>PRCMSysResetCauseGet</name>
         <value>0x200088b9</value>
         <object_component_ref idref="oc-208"/>
      </symbol>
      <symbol id="sm-32d">
         <name>PRCMPeripheralClkDisable</name>
         <value>0x200088e5</value>
         <object_component_ref idref="oc-21a"/>
      </symbol>
      <symbol id="sm-32e">
         <name>PRCMHIBRegRead</name>
         <value>0x20008b5d</value>
         <object_component_ref idref="oc-20e"/>
      </symbol>
      <symbol id="sm-3b4">
         <name>SPITransfer</name>
         <value>0x20008065</value>
         <object_component_ref idref="oc-e6"/>
      </symbol>
      <symbol id="sm-3b5">
         <name>SPICSEnable</name>
         <value>0x20008afd</value>
         <object_component_ref idref="oc-ec"/>
      </symbol>
      <symbol id="sm-3b6">
         <name>SPIDataPut</name>
         <value>0x20008a03</value>
         <object_component_ref idref="oc-1db"/>
      </symbol>
      <symbol id="sm-3b7">
         <name>SPIEnable</name>
         <value>0x20008b15</value>
         <object_component_ref idref="oc-d4"/>
      </symbol>
      <symbol id="sm-3b8">
         <name>SPIDataGet</name>
         <value>0x200089e3</value>
         <object_component_ref idref="oc-1e1"/>
      </symbol>
      <symbol id="sm-3b9">
         <name>SPIConfigSetExpClk</name>
         <value>0x20007d75</value>
         <object_component_ref idref="oc-ce"/>
      </symbol>
      <symbol id="sm-3ba">
         <name>SPIReset</name>
         <value>0x200089a1</value>
         <object_component_ref idref="oc-c2"/>
      </symbol>
      <symbol id="sm-3bb">
         <name>SPICSDisable</name>
         <value>0x20008ae5</value>
         <object_component_ref idref="oc-fe"/>
      </symbol>
      <symbol id="sm-400">
         <name>UARTConfigSetExpClk</name>
         <value>0x200082ef</value>
         <object_component_ref idref="oc-17a"/>
      </symbol>
      <symbol id="sm-401">
         <name>UARTDisable</name>
         <value>0x20008829</value>
         <object_component_ref idref="oc-26d"/>
      </symbol>
      <symbol id="sm-402">
         <name>UARTCharsAvail</name>
         <value>0x20008b2d</value>
         <object_component_ref idref="oc-18c"/>
      </symbol>
      <symbol id="sm-403">
         <name>UARTCharGetNonBlocking</name>
         <value>0x20008a3f</value>
         <object_component_ref idref="oc-192"/>
      </symbol>
      <symbol id="sm-404">
         <name>UARTCharPut</name>
         <value>0x20008a21</value>
         <object_component_ref idref="oc-180"/>
      </symbol>
      <symbol id="sm-405">
         <name>UARTEnable</name>
         <value>0x20008935</value>
         <object_component_ref idref="oc-273"/>
      </symbol>
      <symbol id="sm-406">
         <name>UARTCharGet</name>
         <value>0x20008b89</value>
         <object_component_ref idref="oc-e0"/>
      </symbol>
      <symbol id="sm-40a">
         <name>UtilsDelay</name>
         <value>0x20008c45</value>
         <object_component_ref idref="oc-2df"/>
      </symbol>
      <symbol id="sm-414">
         <name>CPUcpsie</name>
         <value>0x20008bb5</value>
         <object_component_ref idref="oc-1f8"/>
      </symbol>
      <symbol id="sm-444">
         <name>vsnprintf</name>
         <value>0x20008705</value>
         <object_component_ref idref="oc-186"/>
      </symbol>
      <symbol id="sm-451">
         <name>__aeabi_uldivmod</name>
         <value>0x20007eb1</value>
         <object_component_ref idref="oc-395"/>
      </symbol>
      <symbol id="sm-46c">
         <name>memcpy</name>
         <value>0x20007e15</value>
         <object_component_ref idref="oc-3a"/>
      </symbol>
      <symbol id="sm-46d">
         <name>__aeabi_memcpy</name>
         <value>0x20007e15</value>
         <object_component_ref idref="oc-3a"/>
      </symbol>
      <symbol id="sm-46e">
         <name>__aeabi_memcpy8</name>
         <value>0x20007e15</value>
         <object_component_ref idref="oc-3a"/>
      </symbol>
      <symbol id="sm-46f">
         <name>__aeabi_memcpy4</name>
         <value>0x20007e15</value>
         <object_component_ref idref="oc-3a"/>
      </symbol>
      <symbol id="sm-483">
         <name>__TI_zero_init_nomemset</name>
         <value>0x20008a5b</value>
         <object_component_ref idref="oc-46"/>
      </symbol>
      <symbol id="sm-49a">
         <name>__TI_decompress_none</name>
         <value>0x20008c03</value>
         <object_component_ref idref="oc-18"/>
      </symbol>
      <symbol id="sm-4bd">
         <name>__TI_decompress_lzss</name>
         <value>0x200083d3</value>
         <object_component_ref idref="oc-12"/>
      </symbol>
      <symbol id="sm-4cd">
         <name>memmove</name>
         <value>0x2000897d</value>
         <object_component_ref idref="oc-19e"/>
      </symbol>
      <symbol id="sm-56a">
         <name>_sys_memory</name>
         <value>0x20017000</value>
         <object_component_ref idref="oc-20"/>
      </symbol>
      <symbol id="sm-56b">
         <name>free</name>
         <value>0x20007731</value>
         <object_component_ref idref="oc-1b0"/>
      </symbol>
      <symbol id="sm-56c">
         <name>realloc</name>
         <value>0x20007819</value>
         <object_component_ref idref="oc-1aa"/>
      </symbol>
      <symbol id="sm-56d">
         <name>memalign</name>
         <value>0x2000763d</value>
         <object_component_ref idref="oc-29f"/>
      </symbol>
      <symbol id="sm-56e">
         <name>malloc</name>
         <value>0x20008c3d</value>
         <object_component_ref idref="oc-1a4"/>
      </symbol>
      <symbol id="sm-56f">
         <name>aligned_alloc</name>
         <value>0x2000763d</value>
         <object_component_ref idref="oc-29f"/>
      </symbol>
      <symbol id="sm-57d">
         <name>strlen</name>
         <value>0x20008bdd</value>
         <object_component_ref idref="oc-198"/>
      </symbol>
      <symbol id="sm-58f">
         <name>__stack</name>
         <value>0x2002f800</value>
         <object_component_ref idref="oc-23"/>
      </symbol>
      <symbol id="sm-590">
         <name>_c_int00_noargs</name>
         <value>0x20008959</value>
         <object_component_ref idref="oc-58"/>
      </symbol>
      <symbol id="sm-6f5">
         <name>__TI_printfi</name>
         <value>0x20004e81</value>
         <object_component_ref idref="oc-27b"/>
      </symbol>
      <symbol id="sm-715">
         <name>frexpl</name>
         <value>0x2000843d</value>
         <object_component_ref idref="oc-3db"/>
      </symbol>
      <symbol id="sm-716">
         <name>frexp</name>
         <value>0x2000843d</value>
         <object_component_ref idref="oc-3db"/>
      </symbol>
      <symbol id="sm-734">
         <name>scalbn</name>
         <value>0x200079c1</value>
         <object_component_ref idref="oc-3e1"/>
      </symbol>
      <symbol id="sm-735">
         <name>scalbnl</name>
         <value>0x200079c1</value>
         <object_component_ref idref="oc-3e1"/>
      </symbol>
      <symbol id="sm-736">
         <name>ldexpl</name>
         <value>0x200079c1</value>
         <object_component_ref idref="oc-3e1"/>
      </symbol>
      <symbol id="sm-737">
         <name>ldexp</name>
         <value>0x200079c1</value>
         <object_component_ref idref="oc-3e1"/>
      </symbol>
      <symbol id="sm-741">
         <name>__aeabi_idiv0</name>
         <value>0x20006ecf</value>
         <object_component_ref idref="oc-411"/>
      </symbol>
      <symbol id="sm-742">
         <name>__aeabi_ldiv0</name>
         <value>0x20006ecf</value>
         <object_component_ref idref="oc-411"/>
      </symbol>
      <symbol id="sm-751">
         <name>__aeabi_memset</name>
         <value>0x20008277</value>
         <object_component_ref idref="oc-88"/>
      </symbol>
      <symbol id="sm-752">
         <name>memset</name>
         <value>0x2000827d</value>
         <object_component_ref idref="oc-88"/>
      </symbol>
      <symbol id="sm-753">
         <name>__aeabi_memset8</name>
         <value>0x20008277</value>
         <object_component_ref idref="oc-88"/>
      </symbol>
      <symbol id="sm-754">
         <name>__aeabi_memset4</name>
         <value>0x20008277</value>
         <object_component_ref idref="oc-88"/>
      </symbol>
      <symbol id="sm-755">
         <name>__aeabi_memclr8</name>
         <value>0x20008275</value>
         <object_component_ref idref="oc-88"/>
      </symbol>
      <symbol id="sm-756">
         <name>__aeabi_memclr4</name>
         <value>0x20008275</value>
         <object_component_ref idref="oc-88"/>
      </symbol>
      <symbol id="sm-757">
         <name>__aeabi_memclr</name>
         <value>0x20008275</value>
         <object_component_ref idref="oc-88"/>
      </symbol>
      <symbol id="sm-76e">
         <name>__aeabi_dsub</name>
         <value>0x20006d19</value>
         <object_component_ref idref="oc-3bb"/>
      </symbol>
      <symbol id="sm-76f">
         <name>__aeabi_dadd</name>
         <value>0x20006d23</value>
         <object_component_ref idref="oc-3bb"/>
      </symbol>
      <symbol id="sm-791">
         <name>__aeabi_cdcmpeq</name>
         <value>0x200080ed</value>
         <object_component_ref idref="oc-32b"/>
      </symbol>
      <symbol id="sm-792">
         <name>__aeabi_cdcmple</name>
         <value>0x200080ed</value>
         <object_component_ref idref="oc-32b"/>
      </symbol>
      <symbol id="sm-793">
         <name>__aeabi_cdrcmple</name>
         <value>0x20008173</value>
         <object_component_ref idref="oc-3a6"/>
      </symbol>
      <symbol id="sm-7a7">
         <name>__aeabi_ddiv</name>
         <value>0x200072e9</value>
         <object_component_ref idref="oc-3a1"/>
      </symbol>
      <symbol id="sm-7b2">
         <name>__aeabi_dmul</name>
         <value>0x20007541</value>
         <object_component_ref idref="oc-39c"/>
      </symbol>
      <symbol id="sm-7bc">
         <name>__aeabi_d2iz</name>
         <value>0x20008639</value>
         <object_component_ref idref="oc-3ab"/>
      </symbol>
      <symbol id="sm-7c6">
         <name>__aeabi_i2d</name>
         <value>0x20008889</value>
         <object_component_ref idref="oc-3b6"/>
      </symbol>
      <symbol id="sm-7ee">
         <name>__TI_auto_init_nobinit_nopinit</name>
         <value>0x20008681</value>
         <object_component_ref idref="oc-144"/>
      </symbol>
      <symbol id="sm-7f8">
         <name>_system_pre_init</name>
         <value>0x20008c4b</value>
         <object_component_ref idref="oc-8e"/>
      </symbol>
      <symbol id="sm-804">
         <name>C$$EXIT</name>
         <value>0x20008c4f</value>
         <object_component_ref idref="oc-138"/>
      </symbol>
      <symbol id="sm-805">
         <name>abort</name>
         <value>0x20008c4f</value>
         <object_component_ref idref="oc-138"/>
      </symbol>
      <symbol id="sm-81a">
         <name>_nop</name>
         <value>0x2000642b</value>
         <object_component_ref idref="oc-2fe"/>
      </symbol>
      <symbol id="sm-81b">
         <name>_lock</name>
         <value>0x200178e8</value>
         <object_component_ref idref="oc-251"/>
      </symbol>
      <symbol id="sm-81c">
         <name>_unlock</name>
         <value>0x200178ec</value>
         <object_component_ref idref="oc-251"/>
      </symbol>
      <symbol id="sm-833">
         <name>atoi</name>
         <value>0x200085ed</value>
         <object_component_ref idref="oc-31f"/>
      </symbol>
      <symbol id="sm-83e">
         <name>_ctypes_</name>
         <value>0x2000914f</value>
         <object_component_ref idref="oc-390"/>
      </symbol>
      <symbol id="sm-84d">
         <name>ltoa</name>
         <value>0x20008547</value>
         <object_component_ref idref="oc-3b0"/>
      </symbol>
      <symbol id="sm-85d">
         <name>memccpy</name>
         <value>0x20008a95</value>
         <object_component_ref idref="oc-348"/>
      </symbol>
      <symbol id="sm-86d">
         <name>strchr</name>
         <value>0x20008b9f</value>
         <object_component_ref idref="oc-3e7"/>
      </symbol>
      <symbol id="sm-883">
         <name>__aeabi_errno_addr</name>
         <value>0x20008c35</value>
         <object_component_ref idref="oc-354"/>
      </symbol>
      <symbol id="sm-884">
         <name>errno</name>
         <value>0x200178f8</value>
         <object_component_ref idref="oc-3f7"/>
      </symbol>
      <symbol id="sm-89d">
         <name>wcslen</name>
         <value>0x20008bf1</value>
         <object_component_ref idref="oc-34e"/>
      </symbol>
      <symbol id="sm-8a7">
         <name>copysign</name>
         <value>0x20008c1f</value>
         <object_component_ref idref="oc-42a"/>
      </symbol>
      <symbol id="sm-8a8">
         <name>copysignl</name>
         <value>0x20008c1f</value>
         <object_component_ref idref="oc-42a"/>
      </symbol>
      <symbol id="sm-8a9">
         <name>__TI_static_base__</name>
         <value>0x20009410</value>
      </symbol>
      <symbol id="sm-8ac">
         <name>__mpu_init</name>
         <value>0x0</value>
      </symbol>
      <symbol id="sm-8ad">
         <name>_system_post_cinit</name>
         <value>0x0</value>
      </symbol>
   </symbol_table>
   <title>Link successful</title>
</link_info>
